Component: ARM Compiler 5.06 update 6 (build 750) Tool: armlink [4d35ed]

==============================================================================

Section Cross References

    main.o(i.main) refers to stm32l4xx_hal.o(i.HAL_Init) for HAL_Init
    main.o(i.main) refers to sys.o(i.SystemClock_Config) for SystemClock_Config
    main.o(i.main) refers to delay.o(i.delay_init) for delay_init
    main.o(i.main) refers to usart.o(i.uart_init) for uart_init
    main.o(i.main) refers to led.o(i.LED_Init) for LED_Init
    main.o(i.main) refers to key.o(i.KEY_Init) for KEY_Init
    main.o(i.main) refers to lcd.o(i.LCD_Init) for LCD_Init
    main.o(i.main) refers to w25qxx.o(i.W25QXX_Init) for W25QXX_Init
    main.o(i.main) refers to malloc.o(i.my_mem_init) for my_mem_init
    main.o(i.main) refers to exfuns.o(i.exfuns_init) for exfuns_init
    main.o(i.main) refers to ff.o(i.f_mount) for f_mount
    main.o(i.main) refers to rtc.o(i.RTC_Init) for RTC_Init
    main.o(i.main) refers to lcd.o(i.Display_ALIENTEK_LOGO) for Display_ALIENTEK_LOGO
    main.o(i.main) refers to lcd.o(i.LCD_ShowString) for LCD_ShowString
    main.o(i.main) refers to delay.o(i.delay_ms) for delay_ms
    main.o(i.main) refers to lcd.o(i.LCD_Fill) for LCD_Fill
    main.o(i.main) refers to fontupd.o(i.font_init) for font_init
    main.o(i.main) refers to text.o(i.Show_Str) for Show_Str
    main.o(i.main) refers to piclib.o(i.piclib_init) for piclib_init
    main.o(i.main) refers to lcd.o(i.LCD_Clear) for LCD_Clear
    main.o(i.main) refers to stm32l4xx_hal_rtc.o(i.HAL_RTC_GetTime) for HAL_RTC_GetTime
    main.o(i.main) refers to stm32l4xx_hal_rtc.o(i.HAL_RTC_GetDate) for HAL_RTC_GetDate
    main.o(i.main) refers to library.o(i.Time_Show_Style) for Time_Show_Style
    main.o(i.main) refers to key.o(i.KEY_Scan) for KEY_Scan
    main.o(i.main) refers to ff.o(i.f_opendir) for f_opendir
    main.o(i.main) refers to main.o(i.pic_get_tnum) for pic_get_tnum
    main.o(i.main) refers to malloc.o(i.mymalloc) for mymalloc
    main.o(i.main) refers to ff.o(i.f_readdir) for f_readdir
    main.o(i.main) refers to exfuns.o(i.f_typetell) for f_typetell
    main.o(i.main) refers to ff.o(i.dir_sdi) for dir_sdi
    main.o(i.main) refers to strcpy.o(.text) for strcpy
    main.o(i.main) refers to strcat.o(.text) for strcat
    main.o(i.main) refers to piclib.o(i.ai_load_picfile) for ai_load_picfile
    main.o(i.main) refers to stm32l4xx_hal_gpio.o(i.HAL_GPIO_TogglePin) for HAL_GPIO_TogglePin
    main.o(i.main) refers to stm32l4xx_hal_gpio.o(i.HAL_GPIO_WritePin) for HAL_GPIO_WritePin
    main.o(i.main) refers to malloc.o(i.myfree) for myfree
    main.o(i.main) refers to exfuns.o(.data) for fs
    main.o(i.main) refers to lcd.o(.data) for POINT_COLOR
    main.o(i.main) refers to lcd.o(i.LCD_ShowxNum) for LCD_ShowxNum
    main.o(i.main) refers to library.o(.data) for Draw_Num
    main.o(i.main) refers to rtc.o(.bss) for RTC_Handler
    main.o(i.pic_get_tnum) refers to malloc.o(i.mymalloc) for mymalloc
    main.o(i.pic_get_tnum) refers to ff.o(i.f_opendir) for f_opendir
    main.o(i.pic_get_tnum) refers to ff.o(i.f_readdir) for f_readdir
    main.o(i.pic_get_tnum) refers to exfuns.o(i.f_typetell) for f_typetell
    main.o(i.pic_get_tnum) refers to malloc.o(i.myfree) for myfree
    stm32l4xx_it.o(i.SysTick_Handler) refers to stm32l4xx_hal.o(i.HAL_IncTick) for HAL_IncTick
    system_stm32l4xx.o(i.SystemCoreClockUpdate) refers to system_stm32l4xx.o(.constdata) for .constdata
    system_stm32l4xx.o(i.SystemCoreClockUpdate) refers to system_stm32l4xx.o(.data) for .data
    startup_stm32l475xx.o(RESET) refers to startup_stm32l475xx.o(STACK) for __initial_sp
    startup_stm32l475xx.o(RESET) refers to startup_stm32l475xx.o(.text) for Reset_Handler
    startup_stm32l475xx.o(RESET) refers to stm32l4xx_it.o(i.NMI_Handler) for NMI_Handler
    startup_stm32l475xx.o(RESET) refers to stm32l4xx_it.o(i.HardFault_Handler) for HardFault_Handler
    startup_stm32l475xx.o(RESET) refers to stm32l4xx_it.o(i.MemManage_Handler) for MemManage_Handler
    startup_stm32l475xx.o(RESET) refers to stm32l4xx_it.o(i.BusFault_Handler) for BusFault_Handler
    startup_stm32l475xx.o(RESET) refers to stm32l4xx_it.o(i.UsageFault_Handler) for UsageFault_Handler
    startup_stm32l475xx.o(RESET) refers to stm32l4xx_it.o(i.SVC_Handler) for SVC_Handler
    startup_stm32l475xx.o(RESET) refers to stm32l4xx_it.o(i.DebugMon_Handler) for DebugMon_Handler
    startup_stm32l475xx.o(RESET) refers to stm32l4xx_it.o(i.PendSV_Handler) for PendSV_Handler
    startup_stm32l475xx.o(RESET) refers to stm32l4xx_it.o(i.SysTick_Handler) for SysTick_Handler
    startup_stm32l475xx.o(RESET) refers to rtc.o(i.RTC_WKUP_IRQHandler) for RTC_WKUP_IRQHandler
    startup_stm32l475xx.o(RESET) refers to usmart.o(i.TIM4_IRQHandler) for TIM4_IRQHandler
    startup_stm32l475xx.o(RESET) refers to usart.o(i.USART1_IRQHandler) for USART1_IRQHandler
[...]
    EXTI4_IRQHandler                         0x080001b7   Thumb Code     0  startup_stm32l475xx.o(.text)
    EXTI9_5_IRQHandler                       0x080001b7   Thumb Code     0  startup_stm32l475xx.o(.text)
    FLASH_IRQHandler                         0x080001b7   Thumb Code     0  startup_stm32l475xx.o(.text)
    FMC_IRQHandler                           0x080001b7   Thumb Code     0  startup_stm32l475xx.o(.text)
    FPU_IRQHandler                           0x080001b7   Thumb Code     0  startup_stm32l475xx.o(.text)
    I2C1_ER_IRQHandler                       0x080001b7   Thumb Code     0  startup_stm32l475xx.o(.text)
    I2C1_EV_IRQHandler                       0x080001b7   Thumb Code     0  startup_stm32l475xx.o(.text)
    I2C2_ER_IRQHandler                       0x080001b7   Thumb Code     0  startup_stm32l475xx.o(.text)
    I2C2_EV_IRQHandler                       0x080001b7   Thumb Code     0  startup_stm32l475xx.o(.text)
    I2C3_ER_IRQHandler                       0x080001b7   Thumb Code     0  startup_stm32l475xx.o(.text)
    I2C3_EV_IRQHandler                       0x080001b7   Thumb Code     0  startup_stm32l475xx.o(.text)
    LPTIM1_IRQHandler                        0x080001b7   Thumb Code     0  startup_stm32l475xx.o(.text)
    LPTIM2_IRQHandler                        0x080001b7   Thumb Code     0  startup_stm32l475xx.o(.text)
    LPUART1_IRQHandler                       0x080001b7   Thumb Code     0  startup_stm32l475xx.o(.text)
    OTG_FS_IRQHandler                        0x080001b7   Thumb Code     0  startup_stm32l475xx.o(.text)
    PVD_PVM_IRQHandler                       0x080001b7   Thumb Code     0  startup_stm32l475xx.o(.text)
    QUADSPI_IRQHandler                       0x080001b7   Thumb Code     0  startup_stm32l475xx.o(.text)
    RCC_IRQHandler                           0x080001b7   Thumb Code     0  startup_stm32l475xx.o(.text)
    RNG_IRQHandler                           0x080001b7   Thumb Code     0  startup_stm32l475xx.o(.text)
    SAI1_IRQHandler                          0x080001b7   Thumb Code     0  startup_stm32l475xx.o(.text)
    SAI2_IRQHandler                          0x080001b7   Thumb Code     0  startup_stm32l475xx.o(.text)
    SDMMC1_IRQHandler                        0x080001b7   Thumb Code     0  startup_stm32l475xx.o(.text)
    SPI1_IRQHandler                          0x080001b7   Thumb Code     0  startup_stm32l475xx.o(.text)
    SPI2_IRQHandler                          0x080001b7   Thumb Code     0  startup_stm32l475xx.o(.text)
    SPI3_IRQHandler                          0x080001b7   Thumb Code     0  startup_stm32l475xx.o(.text)
    SWPMI1_IRQHandler                        0x080001b7   Thumb Code     0  startup_stm32l475xx.o(.text)
    TAMP_STAMP_IRQHandler                    0x080001b7   Thumb Code     0  startup_stm32l475xx.o(.text)
    TIM1_BRK_TIM15_IRQHandler                0x080001b7   Thumb Code     0  startup_stm32l475xx.o(.text)
    TIM1_CC_IRQHandler                       0x080001b7   Thumb Code     0  startup_stm32l475xx.o(.text)
    TIM1_TRG_COM_TIM17_IRQHandler            0x080001b7   Thumb Code     0  startup_stm32l475xx.o(.text)
    TIM1_UP_TIM16_IRQHandler                 0x080001b7   Thumb Code     0  startup_stm32l475xx.o(.text)
    TIM2_IRQHandler                          0x080001b7   Thumb Code     0  startup_stm32l475xx.o(.text)
    TIM3_IRQHandler                          0x080001b7   Thumb Code     0  startup_stm32l475xx.o(.text)
    TIM5_IRQHandler                          0x080001b7   Thumb Code     0  startup_stm32l475xx.o(.text)
    TIM6_DAC_IRQHandler                      0x080001b7   Thumb Code     0  startup_stm32l475xx.o(.text)
    TIM7_IRQHandler                          0x080001b7   Thumb Code     0  startup_stm32l475xx.o(.text)
    TIM8_BRK_IRQHandler                      0x080001b7   Thumb Code     0  startup_stm32l475xx.o(.text)
    TIM8_CC_IRQHandler                       0x080001b7   Thumb Code     0  startup_stm32l475xx.o(.text)
    TIM8_TRG_COM_IRQHandler                  0x080001b7   Thumb Code     0  startup_stm32l475xx.o(.text)
    TIM8_UP_IRQHandler                       0x080001b7   Thumb Code     0  startup_stm32l475xx.o(.text)
    TSC_IRQHandler                           0x080001b7   Thumb Code     0  startup_stm32l475xx.o(.text)
    UART4_IRQHandler                         0x080001b7   Thumb Code     0  startup_stm32l475xx.o(.text)
    UART5_IRQHandler                         0x080001b7   Thumb Code     0  startup_stm32l475xx.o(.text)
    USART2_IRQHandler                        0x080001b7   Thumb Code     0  startup_stm32l475xx.o(.text)
    USART3_IRQHandler                        0x080001b7   Thumb Code     0  startup_stm32l475xx.o(.text)
    WWDG_IRQHandler                          0x080001b7   Thumb Code     0  startup_stm32l475xx.o(.text)
    __aeabi_uldivmod                         0x080001c1   Thumb Code    98  uldiv.o(.text)
    strcat                                   0x08000229   Thumb Code    24  strcat.o(.text)
    strcmp                                   0x08000241   Thumb Code    28  strcmp.o(.text)
    strcpy                                   0x0800025d   Thumb Code    18  strcpy.o(.text)
    __aeabi_llsl                             0x0800026f   Thumb Code    30  llshl.o(.text)
    _ll_shift_l                              0x0800026f   Thumb Code     0  llshl.o(.text)
    __aeabi_llsr                             0x0800028d   Thumb Code    32  llushr.o(.text)
    _ll_ushift_r                             0x0800028d   Thumb Code     0  llushr.o(.text)
    __scatterload                            0x080002ad   Thumb Code    28  init.o(.text)
    __scatterload_rt2                        0x080002ad   Thumb Code     0  init.o(.text)
    __decompress                             0x080002d1   Thumb Code     0  __dczerorl2.o(.text)
    __decompress1                            0x080002d1   Thumb Code    86  __dczerorl2.o(.text)
    BusFault_Handler                         0x08000327   Thumb Code     2  stm32l4xx_it.o(i.BusFault_Handler)
    DebugMon_Handler                         0x08000329   Thumb Code     2  stm32l4xx_it.o(i.DebugMon_Handler)
    Display_ALIENTEK_LOGO                    0x0800032d   Thumb Code    16  lcd.o(i.Display_ALIENTEK_LOGO)
    Get_HzMat                                0x08000341   Thumb Code   146  text.o(i.Get_HzMat)
    HAL_DMA_Abort                            0x080003d9   Thumb Code    58  stm32l4xx_hal_dma.o(i.HAL_DMA_Abort)
    HAL_DMA_Abort_IT                         0x08000413   Thumb Code    78  stm32l4xx_hal_dma.o(i.HAL_DMA_Abort_IT)
    HAL_GPIO_Init                            0x08000461   Thumb Code   424  stm32l4xx_hal_gpio.o(i.HAL_GPIO_Init)
    HAL_GPIO_ReadPin                         0x08000633   Thumb Code    10  stm32l4xx_hal_gpio.o(i.HAL_GPIO_ReadPin)
    HAL_GPIO_TogglePin                       0x0800063d   Thumb Code     8  stm32l4xx_hal_gpio.o(i.HAL_GPIO_TogglePin)
    HAL_GPIO_WritePin                        0x08000645   Thumb Code    10  stm32l4xx_hal_gpio.o(i.HAL_GPIO_WritePin)
    HAL_GetTick                              0x08000651   Thumb Code     6  stm32l4xx_hal.o(i.HAL_GetTick)
    HAL_IncTick                              0x0800065d   Thumb Code    10  stm32l4xx_hal.o(i.HAL_IncTick)
    HAL_Init                                 0x0800066d   Thumb Code    30  stm32l4xx_hal.o(i.HAL_Init)
    HAL_InitTick                             0x0800068d   Thumb Code    42  stm32l4xx_hal.o(i.HAL_InitTick)
    HAL_MspInit                              0x080006bd   Thumb Code     2  stm32l4xx_hal.o(i.HAL_MspInit)
    HAL_NVIC_EnableIRQ                       0x080006bf   Thumb Code    22  stm32l4xx_hal_cortex.o(i.HAL_NVIC_EnableIRQ)
    HAL_NVIC_SetPriority                     0x080006d5   Thumb Code    60  stm32l4xx_hal_cortex.o(i.HAL_NVIC_SetPriority)
    HAL_NVIC_SetPriorityGrouping             0x08000715   Thumb Code    26  stm32l4xx_hal_cortex.o(i.HAL_NVIC_SetPriorityGrouping)
    HAL_PWREx_ControlVoltageScaling          0x08000739   Thumb Code    90  stm32l4xx_hal_pwr_ex.o(i.HAL_PWREx_ControlVoltageScaling)
    HAL_PWREx_GetVoltageRange                0x080007a1   Thumb Code    10  stm32l4xx_hal_pwr_ex.o(i.HAL_PWREx_GetVoltageRange)
    HAL_PWR_EnableBkUpAccess                 0x080007b1   Thumb Code    12  stm32l4xx_hal_pwr.o(i.HAL_PWR_EnableBkUpAccess)
    HAL_QSPI_Abort                           0x080007c1   Thumb Code   134  stm32l4xx_hal_qspi.o(i.HAL_QSPI_Abort)
    HAL_QSPI_Command                         0x08000847   Thumb Code   134  stm32l4xx_hal_qspi.o(i.HAL_QSPI_Command)
    HAL_QSPI_Init                            0x080008d5   Thumb Code   166  stm32l4xx_hal_qspi.o(i.HAL_QSPI_Init)
    HAL_QSPI_MspInit                         0x08000985   Thumb Code    72  qspi.o(i.HAL_QSPI_MspInit)
    HAL_QSPI_Receive                         0x080009d5   Thumb Code   196  stm32l4xx_hal_qspi.o(i.HAL_QSPI_Receive)
    HAL_QSPI_Transmit                        0x08000a9f   Thumb Code   186  stm32l4xx_hal_qspi.o(i.HAL_QSPI_Transmit)
    HAL_RCCEx_PeriphCLKConfig                0x08000b61   Thumb Code   924  stm32l4xx_hal_rcc_ex.o(i.HAL_RCCEx_PeriphCLKConfig)
    HAL_RCC_ClockConfig                      0x08000f0d   Thumb Code   276  stm32l4xx_hal_rcc.o(i.HAL_RCC_ClockConfig)
    HAL_RCC_GetPCLK1Freq                     0x08001031   Thumb Code    24  stm32l4xx_hal_rcc.o(i.HAL_RCC_GetPCLK1Freq)
    HAL_RCC_GetPCLK2Freq                     0x08001055   Thumb Code    24  stm32l4xx_hal_rcc.o(i.HAL_RCC_GetPCLK2Freq)
    HAL_RCC_GetSysClockFreq                  0x08001079   Thumb Code   154  stm32l4xx_hal_rcc.o(i.HAL_RCC_GetSysClockFreq)
    HAL_RCC_OscConfig                        0x08001121   Thumb Code  1104  stm32l4xx_hal_rcc.o(i.HAL_RCC_OscConfig)
    HAL_RTCEx_AlarmBEventCallback            0x08001575   Thumb Code     2  stm32l4xx_hal_rtc_ex.o(i.HAL_RTCEx_AlarmBEventCallback)
    HAL_RTCEx_BKUPRead                       0x08001577   Thumb Code    10  stm32l4xx_hal_rtc_ex.o(i.HAL_RTCEx_BKUPRead)
    HAL_RTCEx_BKUPWrite                      0x08001581   Thumb Code    16  stm32l4xx_hal_rtc_ex.o(i.HAL_RTCEx_BKUPWrite)
    HAL_RTCEx_WakeUpTimerEventCallback       0x08001591   Thumb Code    10  rtc.o(i.HAL_RTCEx_WakeUpTimerEventCallback)
    HAL_RTCEx_WakeUpTimerIRQHandler          0x080015a1   Thumb Code    46  stm32l4xx_hal_rtc_ex.o(i.HAL_RTCEx_WakeUpTimerIRQHandler)
    HAL_RTC_AlarmAEventCallback              0x080015d5   Thumb Code    22  rtc.o(i.HAL_RTC_AlarmAEventCallback)
    HAL_RTC_AlarmIRQHandler                  0x080015fd   Thumb Code    84  stm32l4xx_hal_rtc.o(i.HAL_RTC_AlarmIRQHandler)
    HAL_RTC_GetDate                          0x08001655   Thumb Code    62  stm32l4xx_hal_rtc.o(i.HAL_RTC_GetDate)
    HAL_RTC_GetTime                          0x08001699   Thumb Code    78  stm32l4xx_hal_rtc.o(i.HAL_RTC_GetTime)
    HAL_RTC_Init                             0x080016ed   Thumb Code   186  stm32l4xx_hal_rtc.o(i.HAL_RTC_Init)
    HAL_RTC_MspInit                          0x080017ad   Thumb Code    74  rtc.o(i.HAL_RTC_MspInit)
    HAL_RTC_SetDate                          0x080017fd   Thumb Code   202  stm32l4xx_hal_rtc.o(i.HAL_RTC_SetDate)
    HAL_RTC_SetTime                          0x080018cd   Thumb Code   250  stm32l4xx_hal_rtc.o(i.HAL_RTC_SetTime)
    HAL_RTC_WaitForSynchro                   0x080019cd   Thumb Code    52  stm32l4xx_hal_rtc.o(i.HAL_RTC_WaitForSynchro)
    HAL_SPI_Init                             0x08001a01   Thumb Code   172  stm32l4xx_hal_spi.o(i.HAL_SPI_Init)
    HAL_SPI_MspInit                          0x08001aad   Thumb Code   142  spi3.o(i.HAL_SPI_MspInit)
    HAL_SPI_Transmit                         0x08001b4d   Thumb Code   386  stm32l4xx_hal_spi.o(i.HAL_SPI_Transmit)
    HAL_SPI_TransmitReceive                  0x08001cd5   Thumb Code   602  stm32l4xx_hal_spi.o(i.HAL_SPI_TransmitReceive)
    HAL_SYSTICK_CLKSourceConfig              0x08001f35   Thumb Code    24  stm32l4xx_hal_cortex.o(i.HAL_SYSTICK_CLKSourceConfig)
    HAL_SYSTICK_Config                       0x08001f4d   Thumb Code    40  stm32l4xx_hal_cortex.o(i.HAL_SYSTICK_Config)
    HAL_TIM_Base_Init                        0x08001f75   Thumb Code    54  stm32l4xx_hal_tim.o(i.HAL_TIM_Base_Init)
    HAL_TIM_Base_MspInit                     0x08001fab   Thumb Code     2  stm32l4xx_hal_tim.o(i.HAL_TIM_Base_MspInit)
    HAL_TIM_Base_Start_IT                    0x08001fad   Thumb Code    44  stm32l4xx_hal_tim.o(i.HAL_TIM_Base_Start_IT)
    HAL_UARTEx_WakeupCallback                0x08001fdd   Thumb Code     2  stm32l4xx_hal_uart_ex.o(i.HAL_UARTEx_WakeupCallback)
    HAL_UART_ErrorCallback                   0x08001fdf   Thumb Code     2  stm32l4xx_hal_uart.o(i.HAL_UART_ErrorCallback)
    HAL_UART_IRQHandler                      0x08001fe1   Thumb Code   320  stm32l4xx_hal_uart.o(i.HAL_UART_IRQHandler)
    HAL_UART_Init                            0x08002125   Thumb Code   106  stm32l4xx_hal_uart.o(i.HAL_UART_Init)
    HAL_UART_MspInit                         0x08002191   Thumb Code    96  usart.o(i.HAL_UART_MspInit)
    HAL_UART_Receive                         0x080021f9   Thumb Code   232  stm32l4xx_hal_uart.o(i.HAL_UART_Receive)
    HAL_UART_TxCpltCallback                  0x080022e7   Thumb Code     2  stm32l4xx_hal_uart.o(i.HAL_UART_TxCpltCallback)
    HardFault_Handler                        0x080022e9   Thumb Code     2  stm32l4xx_it.o(i.HardFault_Handler)
    KEY_Init                                 0x080022ed   Thumb Code    90  key.o(i.KEY_Init)
    KEY_Scan                                 0x08002355   Thumb Code   208  key.o(i.KEY_Scan)
    LCD_Address_Set                          0x08002437   Thumb Code    82  lcd.o(i.LCD_Address_Set)
    LCD_Clear                                0x08002489   Thumb Code    78  lcd.o(i.LCD_Clear)
    LCD_Draw_ColorPoint                      0x080024e1   Thumb Code    22  lcd.o(i.LCD_Draw_ColorPoint)
    LCD_Fill                                 0x080024f9   Thumb Code   118  lcd.o(i.LCD_Fill)
    LCD_Fill_Buf                             0x08002579   Thumb Code   124  lcd.o(i.LCD_Fill_Buf)
    LCD_Init                                 0x080026a1   Thumb Code   412  lcd.o(i.LCD_Init)
    LCD_ShowChar                             0x08002855   Thumb Code   300  lcd.o(i.LCD_ShowChar)
    LCD_ShowString                           0x08002997   Thumb Code    76  lcd.o(i.LCD_ShowString)
    LCD_Show_Image                           0x080029e5   Thumb Code    72  lcd.o(i.LCD_Show_Image)
    LCD_ShowxNum                             0x08002a31   Thumb Code   122  lcd.o(i.LCD_ShowxNum)
    LCD_Write_HalfWord                       0x08002ae9   Thumb Code    36  lcd.o(i.LCD_Write_HalfWord)
    LED_Init                                 0x08002b11   Thumb Code    62  led.o(i.LED_Init)
    MemManage_Handler                        0x08002b59   Thumb Code     2  stm32l4xx_it.o(i.MemManage_Handler)
    NMI_Handler                              0x08002b5b   Thumb Code     2  stm32l4xx_it.o(i.NMI_Handler)
    PendSV_Handler                           0x08002b7d   Thumb Code     2  stm32l4xx_it.o(i.PendSV_Handler)
    QSPI_Init                                0x08002cf9   Thumb Code    54  qspi.o(i.QSPI_Init)
    QSPI_Receive                             0x08002d39   Thumb Code    30  qspi.o(i.QSPI_Receive)
    QSPI_Send_CMD                            0x08002d5d   Thumb Code    52  qspi.o(i.QSPI_Send_CMD)
    QSPI_Transmit                            0x08002d95   Thumb Code    30  qspi.o(i.QSPI_Transmit)
    RTC_Alarm_IRQHandler                     0x080030b5   Thumb Code     6  rtc.o(i.RTC_Alarm_IRQHandler)
    RTC_Bcd2ToByte                           0x080030c1   Thumb Code    18  stm32l4xx_hal_rtc.o(i.RTC_Bcd2ToByte)
    RTC_ByteToBcd2                           0x080030d3   Thumb Code    22  stm32l4xx_hal_rtc.o(i.RTC_ByteToBcd2)
    RTC_EnterInitMode                        0x080030e9   Thumb Code    56  stm32l4xx_hal_rtc.o(i.RTC_EnterInitMode)
    RTC_Init                                 0x08003121   Thumb Code    90  rtc.o(i.RTC_Init)
    RTC_Set_Date                             0x08003185   Thumb Code    30  rtc.o(i.RTC_Set_Date)
    RTC_Set_Time                             0x080031a9   Thumb Code    40  rtc.o(i.RTC_Set_Time)
    RTC_WKUP_IRQHandler                      0x080031d5   Thumb Code     6  rtc.o(i.RTC_WKUP_IRQHandler)
    SD_DisSelect                             0x080031e1   Thumb Code    22  sd_card.o(i.SD_DisSelect)
    SD_GetCSD                                0x080031fd   Thumb Code    42  sd_card.o(i.SD_GetCSD)
    SD_GetResponse                           0x08003227   Thumb Code    40  sd_card.o(i.SD_GetResponse)
    SD_GetSectorCount                        0x0800324f   Thumb Code   110  sd_card.o(i.SD_GetSectorCount)
    SD_Init                                  0x080032bd   Thumb Code   340  sd_card.o(i.SD_Init)
    SD_ReadDisk                              0x08003415   Thumb Code   104  sd_card.o(i.SD_ReadDisk)
    SD_RecvData                              0x08003481   Thumb Code    50  sd_card.o(i.SD_RecvData)
    SD_SPI_Init                              0x080034b5   Thumb Code    74  sd_card.o(i.SD_SPI_Init)
    SD_SPI_ReadWriteByte                     0x08003509   Thumb Code     4  sd_card.o(i.SD_SPI_ReadWriteByte)
    SD_Select                                0x0800350d   Thumb Code    28  sd_card.o(i.SD_Select)
    SD_SendBlock                             0x0800352d   Thumb Code    80  sd_card.o(i.SD_SendBlock)
    SD_SendCmd                               0x0800357d   Thumb Code    94  sd_card.o(i.SD_SendCmd)
    SD_WaitReady                             0x080035db   Thumb Code    32  sd_card.o(i.SD_WaitReady)
    SD_WriteDisk                             0x080035fd   Thumb Code   124  sd_card.o(i.SD_WriteDisk)
    SPI1_Init                                0x0800367d   Thumb Code    76  spi1.o(i.SPI1_Init)
    SPI1_ReadWriteByte                       0x080036d1   Thumb Code    28  spi1.o(i.SPI1_ReadWriteByte)
    SPI1_SetSpeed                            0x080036f1   Thumb Code    46  spi1.o(i.SPI1_SetSpeed)
    SPI1_WriteByte                           0x08003725   Thumb Code    18  spi1.o(i.SPI1_WriteByte)
    SPI3_Init                                0x0800373d   Thumb Code    66  spi3.o(i.SPI3_Init)
    SPI3_WriteByte                           0x08003789   Thumb Code    14  spi3.o(i.SPI3_WriteByte)
    SVC_Handler                              0x0800390f   Thumb Code     2  stm32l4xx_it.o(i.SVC_Handler)
    Show_Font                                0x08003911   Thumb Code   254  text.o(i.Show_Font)
    Show_Str                                 0x08003a1f   Thumb Code   162  text.o(i.Show_Str)
    SysTick_Handler                          0x08003ac7   Thumb Code     4  stm32l4xx_it.o(i.SysTick_Handler)
    SystemClock_Config                       0x08003acd   Thumb Code   106  sys.o(i.SystemClock_Config)
    SystemInit                               0x08003b3d   Thumb Code    56  system_stm32l4xx.o(i.SystemInit)
    TIM4_IRQHandler                          0x08003b81   Thumb Code    44  usmart.o(i.TIM4_IRQHandler)
    TIM_Base_SetConfig                       0x08003bb5   Thumb Code   160  stm32l4xx_hal_tim.o(i.TIM_Base_SetConfig)
    Time_Show_Style                          0x08003c75   Thumb Code   444  library.o(i.Time_Show_Style)
    Timer4_Init                              0x08003e65   Thumb Code    72  usmart.o(i.Timer4_Init)
    UART_AdvFeatureConfig                    0x08003eb9   Thumb Code   200  stm32l4xx_hal_uart.o(i.UART_AdvFeatureConfig)
    UART_CheckIdleState                      0x08003f81   Thumb Code    92  stm32l4xx_hal_uart.o(i.UART_CheckIdleState)
    UART_SetConfig                           0x08004011   Thumb Code   652  stm32l4xx_hal_uart.o(i.UART_SetConfig)
    UART_WaitOnFlagUntilTimeout              0x080042cd   Thumb Code    98  stm32l4xx_hal_uart.o(i.UART_WaitOnFlagUntilTimeout)
    USART1_IRQHandler                        0x08004331   Thumb Code   100  usart.o(i.USART1_IRQHandler)
    UsageFault_Handler                       0x0800439d   Thumb Code     2  stm32l4xx_it.o(i.UsageFault_Handler)
    W25QXX_Erase_Chip                        0x0800439f   Thumb Code    40  w25qxx.o(i.W25QXX_Erase_Chip)
    W25QXX_Erase_Sector                      0x080043c7   Thumb Code    42  w25qxx.o(i.W25QXX_Erase_Sector)
    W25QXX_Init                              0x080043f1   Thumb Code    16  w25qxx.o(i.W25QXX_Init)
    W25QXX_Read                              0x08004405   Thumb Code    42  w25qxx.o(i.W25QXX_Read)
    W25QXX_ReadID                            0x0800442f   Thumb Code    44  w25qxx.o(i.W25QXX_ReadID)
    W25QXX_ReadSR                            0x0800445b   Thumb Code    66  w25qxx.o(i.W25QXX_ReadSR)
    W25QXX_Wait_Busy                         0x0800449d   Thumb Code    14  w25qxx.o(i.W25QXX_Wait_Busy)
    W25QXX_Write                             0x080044ad   Thumb Code   150  w25qxx.o(i.W25QXX_Write)
    W25QXX_Write_Enable                      0x0800454f   Thumb Code    26  w25qxx.o(i.W25QXX_Write_Enable)
    W25QXX_Write_NoCheck                     0x08004569   Thumb Code    62  w25qxx.o(i.W25QXX_Write_NoCheck)
    W25QXX_Write_Page                        0x080045a7   Thumb Code    52  w25qxx.o(i.W25QXX_Write_Page)
    __0printf$8                              0x080045dd   Thumb Code    22  printf8.o(i.__0printf$8)
    __1printf$8                              0x080045dd   Thumb Code     0  printf8.o(i.__0printf$8)
    __2printf                                0x080045dd   Thumb Code     0  printf8.o(i.__0printf$8)
    __scatterload_copy                       0x080045fd   Thumb Code    14  handlers.o(i.__scatterload_copy)
    __scatterload_null                       0x0800460b   Thumb Code     2  handlers.o(i.__scatterload_null)
    __scatterload_zeroinit                   0x0800460d   Thumb Code    14  handlers.o(i.__scatterload_zeroinit)
    ai_draw_init                             0x08004a85   Thumb Code   164  piclib.o(i.ai_draw_init)
    ai_load_picfile                          0x08004b31   Thumb Code   130  piclib.o(i.ai_load_picfile)
    char_upper                               0x08004eb1   Thumb Code    14  exfuns.o(i.char_upper)
    delay_init                               0x08005499   Thumb Code    16  delay.o(i.delay_init)
    delay_ms                                 0x080054ad   Thumb Code    26  delay.o(i.delay_ms)
    delay_us                                 0x080054c9   Thumb Code    48  delay.o(i.delay_us)
    dir_sdi                                  0x08005b21   Thumb Code   150  ff.o(i.dir_sdi)
    disk_initialize                          0x08005bb7   Thumb Code    28  diskio.o(i.disk_initialize)
    disk_ioctl                               0x08005bd3   Thumb Code    82  diskio.o(i.disk_ioctl)
    disk_read                                0x08005c25   Thumb Code    82  diskio.o(i.disk_read)
    disk_status                              0x08005c77   Thumb Code     4  diskio.o(i.disk_status)
    disk_write                               0x08005c7b   Thumb Code    82  diskio.o(i.disk_write)
    exfuns_init                              0x08005ccd   Thumb Code    94  exfuns.o(i.exfuns_init)
    f_close                                  0x08005d31   Thumb Code    30  ff.o(i.f_close)
    f_closedir                               0x08005d4f   Thumb Code    20  ff.o(i.f_closedir)
    f_getfree                                0x08005d63   Thumb Code   280  ff.o(i.f_getfree)
    f_getlabel                               0x08005e7b   Thumb Code   242  ff.o(i.f_getlabel)
    f_gets                                   0x08005f6d   Thumb Code    68  ff.o(i.f_gets)
    f_lseek                                  0x08005fb1   Thumb Code   700  ff.o(i.f_lseek)
    f_mkdir                                  0x08006273   Thumb Code   476  ff.o(i.f_mkdir)
    f_mkfs                                   0x08006455   Thumb Code  1216  ff.o(i.f_mkfs)
    f_mount                                  0x08006921   Thumb Code    72  ff.o(i.f_mount)
    f_open                                   0x0800696d   Thumb Code   630  ff.o(i.f_open)
    f_opendir                                0x08006be9   Thumb Code   212  ff.o(i.f_opendir)
    f_putc                                   0x08006cbd   Thumb Code    60  ff.o(i.f_putc)
    f_puts                                   0x08006cf9   Thumb Code    70  ff.o(i.f_puts)
    f_read                                   0x08006d3f   Thumb Code   374  ff.o(i.f_read)
    f_readdir                                0x08006ebb   Thumb Code   118  ff.o(i.f_readdir)
    f_rename                                 0x08006f31   Thumb Code   398  ff.o(i.f_rename)
    f_setlabel                               0x080070c1   Thumb Code   460  ff.o(i.f_setlabel)
    f_sync                                   0x08007291   Thumb Code   338  ff.o(i.f_sync)
    f_typetell                               0x080073e5   Thumb Code   130  exfuns.o(i.f_typetell)
    f_unlink                                 0x0800746d   Thumb Code   266  ff.o(i.f_unlink)
    f_write                                  0x08007577   Thumb Code   468  ff.o(i.f_write)
    ff_convert                               0x08007751   Thumb Code   106  mycc936.o(i.ff_convert)
    ff_memalloc                              0x080077c7   Thumb Code     8  diskio.o(i.ff_memalloc)
    ff_memfree                               0x080077cf   Thumb Code     8  diskio.o(i.ff_memfree)
    ff_wtoupper                              0x080077d9   Thumb Code    28  mycc936.o(i.ff_wtoupper)
    font_init                                0x08007cc9   Thumb Code    58  fontupd.o(i.font_init)
    fputc                                    0x08007d09   Thumb Code    18  usart.o(i.fputc)
    get_fattime                              0x08007ed3   Thumb Code     4  diskio.o(i.get_fattime)
    gif_check_head                           0x080080a3   Thumb Code    78  gif.o(i.gif_check_head)
    gif_clear2bkcolor                        0x080080f1   Thumb Code   326  gif.o(i.gif_clear2bkcolor)
    gif_decode                               0x08008245   Thumb Code   258  gif.o(i.gif_decode)
    gif_dispimage                            0x08008355   Thumb Code   410  gif.o(i.gif_dispimage)
    gif_drawimage                            0x080084ff   Thumb Code   286  gif.o(i.gif_drawimage)
    gif_getdatablock                         0x0800861d   Thumb Code    60  gif.o(i.gif_getdatablock)
    gif_getinfo                              0x08008659   Thumb Code    54  gif.o(i.gif_getinfo)
    gif_getnextbyte                          0x0800868f   Thumb Code   572  gif.o(i.gif_getnextbyte)
    gif_getnextcode                          0x080088cd   Thumb Code   288  gif.o(i.gif_getnextcode)
    gif_getrgb565                            0x080089f1   Thumb Code    24  gif.o(i.gif_getrgb565)
    gif_initlzw                              0x08008a09   Thumb Code   138  gif.o(i.gif_initlzw)
    gif_readcolortbl                         0x08008a93   Thumb Code    58  gif.o(i.gif_readcolortbl)
    gif_readextension                        0x08008acd   Thumb Code   130  gif.o(i.gif_readextension)
    gif_recovergctbl                         0x08008b4f   Thumb Code    22  gif.o(i.gif_recovergctbl)
    gif_savegctbl                            0x08008b65   Thumb Code    22  gif.o(i.gif_savegctbl)
    is_element_ok                            0x08008c25   Thumb Code    32  piclib.o(i.is_element_ok)
    jd_decomp                                0x08008c49   Thumb Code   230  tjpgd.o(i.jd_decomp)
    jd_prepare                               0x08008d35   Thumb Code   708  tjpgd.o(i.jd_prepare)
    jpeg_freeall                             0x08009005   Thumb Code    26  tjpgd.o(i.jpeg_freeall)
    jpeg_in_func                             0x08009025   Thumb Code    42  tjpgd.o(i.jpeg_in_func)
    jpeg_mallocall                           0x08009051   Thumb Code    46  tjpgd.o(i.jpeg_mallocall)
    jpeg_out_func_point                      0x08009085   Thumb Code   208  tjpgd.o(i.jpeg_out_func_point)
    jpg_decode                               0x08009161   Thumb Code   170  tjpgd.o(i.jpg_decode)
    main                                     0x0800939d   Thumb Code   990  main.o(i.main)
    mf_close                                 0x08009d4d   Thumb Code    14  fattester.o(i.mf_close)
    mf_closedir                              0x08009d61   Thumb Code     6  fattester.o(i.mf_closedir)
    mf_fmkfs                                 0x08009d6d   Thumb Code     4  fattester.o(i.mf_fmkfs)
    mf_getlabel                              0x08009d71   Thumb Code    56  fattester.o(i.mf_getlabel)
    mf_gets                                  0x08009df1   Thumb Code    36  fattester.o(i.mf_gets)
    mf_lseek                                 0x08009e39   Thumb Code    12  fattester.o(i.mf_lseek)
    mf_mkdir                                 0x08009e49   Thumb Code     4  fattester.o(i.mf_mkdir)
    mf_mount                                 0x08009e4d   Thumb Code    14  fattester.o(i.mf_mount)
    mf_open                                  0x08009e61   Thumb Code    12  fattester.o(i.mf_open)
    mf_opendir                               0x08009e71   Thumb Code     8  fattester.o(i.mf_opendir)
    mf_putc                                  0x08009e7d   Thumb Code    14  fattester.o(i.mf_putc)
    mf_puts                                  0x08009e91   Thumb Code    14  fattester.o(i.mf_puts)
    mf_read                                  0x08009ea5   Thumb Code   210  fattester.o(i.mf_read)
    mf_readdir                               0x08009ff9   Thumb Code   150  fattester.o(i.mf_readdir)
    mf_rename                                0x0800a1a1   Thumb Code     4  fattester.o(i.mf_rename)
    mf_scan_files                            0x0800a1a5   Thumb Code    66  fattester.o(i.mf_scan_files)
    mf_setlabel                              0x0800a201   Thumb Code    28  fattester.o(i.mf_setlabel)
    mf_showfree                              0x0800a255   Thumb Code    64  fattester.o(i.mf_showfree)
    mf_size                                  0x0800a2e5   Thumb Code     8  fattester.o(i.mf_size)
    mf_tell                                  0x0800a2f1   Thumb Code     8  fattester.o(i.mf_tell)
    mf_unlink                                0x0800a2fd   Thumb Code     4  fattester.o(i.mf_unlink)
    mf_write                                 0x0800a301   Thumb Code    64  fattester.o(i.mf_write)
    my_mem_free                              0x0800a3e9   Thumb Code    78  malloc.o(i.my_mem_free)
    my_mem_init                              0x0800a441   Thumb Code    34  malloc.o(i.my_mem_init)
    my_mem_malloc                            0x0800a46d   Thumb Code   126  malloc.o(i.my_mem_malloc)
    my_mem_perused                           0x0800a4f5   Thumb Code    50  malloc.o(i.my_mem_perused)
    myfree                                   0x0800a531   Thumb Code    20  malloc.o(i.myfree)
    mymalloc                                 0x0800a549   Thumb Code    28  malloc.o(i.mymalloc)
    mymemset                                 0x0800a569   Thumb Code    12  malloc.o(i.mymemset)
    pic_get_tnum                             0x0800a575   Thumb Code    84  main.o(i.pic_get_tnum)
    pic_memalloc                             0x0800a5c9   Thumb Code     8  piclib.o(i.pic_memalloc)
    pic_memfree                              0x0800a5d1   Thumb Code     8  piclib.o(i.pic_memfree)
    piclib_draw_hline                        0x0800a649   Thumb Code    30  piclib.o(i.piclib_draw_hline)
    piclib_fill_color                        0x0800a667   Thumb Code    24  piclib.o(i.piclib_fill_color)
    piclib_init                              0x0800a681   Thumb Code    48  piclib.o(i.piclib_init)
    read_addr                                0x0800a7f5   Thumb Code     4  usmart.o(i.read_addr)
    stdbmp_decode                            0x0800a96d   Thumb Code   518  bmp.o(i.stdbmp_decode)
    uart_init                                0x0800ace5   Thumb Code    60  usart.o(i.uart_init)
    usmart_cmd_rec                           0x0800ad29   Thumb Code   144  usmart.o(i.usmart_cmd_rec)
    usmart_exe                               0x0800adbd   Thumb Code   510  usmart.o(i.usmart_exe)
    usmart_get_aparm                         0x0800b01d   Thumb Code   164  usmart_str.o(i.usmart_get_aparm)
    usmart_get_cmdname                       0x0800b0c1   Thumb Code    46  usmart_str.o(i.usmart_get_cmdname)
    usmart_get_fname                         0x0800b0f1   Thumb Code   352  usmart_str.o(i.usmart_get_fname)
    usmart_get_fparam                        0x0800b261   Thumb Code   202  usmart_str.o(i.usmart_get_fparam)
    usmart_get_parmpos                       0x0800b331   Thumb Code    30  usmart_str.o(i.usmart_get_parmpos)
    usmart_get_runtime                       0x0800b355   Thumb Code    38  usmart.o(i.usmart_get_runtime)
    usmart_init                              0x0800b385   Thumb Code    36  usmart.o(i.usmart_init)
    usmart_pow                               0x0800b3ad   Thumb Code    16  usmart_str.o(i.usmart_pow)
    usmart_reset_runtime                     0x0800b3bd   Thumb Code    32  usmart.o(i.usmart_reset_runtime)
    usmart_scan                              0x0800b3e5   Thumb Code    94  usmart.o(i.usmart_scan)
    usmart_search_nextc                      0x0800b489   Thumb Code    16  usmart_str.o(i.usmart_search_nextc)
    usmart_str2num                           0x0800b499   Thumb Code   214  usmart_str.o(i.usmart_str2num)
    usmart_strcmp                            0x0800b56f   Thumb Code    24  usmart_str.o(i.usmart_strcmp)
    usmart_strcopy                           0x0800b587   Thumb Code    18  usmart_str.o(i.usmart_strcopy)
    usmart_strlen                            0x0800b599   Thumb Code    18  usmart_str.o(i.usmart_strlen)
    usmart_sys_cmd_exe                       0x0800b5ad   Thumb Code  1458  usmart.o(i.usmart_sys_cmd_exe)
    write_addr                               0x0800bc5f   Thumb Code     4  usmart.o(i.write_addr)
    AHBPrescTable                            0x0800bcd4   Data          16  system_stm32l4xx.o(.constdata)
    MSIRangeTable                            0x0800bce4   Data          48  system_stm32l4xx.o(.constdata)
    APBPrescTable                            0x0800bd14   Data           8  system_stm32l4xx.o(.constdata)
    asc2_1206                                0x0800bd1c   Data        1140  lcd.o(.constdata)
    asc2_1608                                0x0800c190   Data        1520  lcd.o(.constdata)
    asc2_2412                                0x0800c780   Data        4560  lcd.o(.constdata)
    asc2_3216                                0x0800d950   Data       12160  lcd.o(.constdata)
    ALIENTEK_LOGO                            0x080108d0   Data       39360  lcd.o(.constdata)
    memtblsize                               0x0801a290   Data           8  malloc.o(.constdata)
    memblksize                               0x0801a298   Data           8  malloc.o(.constdata)
    memsize                                  0x0801a2a0   Data           8  malloc.o(.constdata)
    FILE_TYPE_TBL                            0x0801a2f4   Data         112  exfuns.o(.constdata)
    _aInterlaceOffset                        0x0801abe4   Data           4  gif.o(.constdata)
    _aInterlaceYPos                          0x0801abe8   Data           4  gif.o(.constdata)
    _aMaskTbl                                0x0801abec   Data          32  gif.o(.constdata)
    Region$$Table$$Base                      0x0801af08   Number         0  anon$$obj.o(Region$$Table)
    Region$$Table$$Limit                     0x0801af28   Number         0  anon$$obj.o(Region$$Table)
    mem2base                                 0x10000000   Data       30720  malloc.o(.ARM.__AT_0x10000000)
    mem2mapbase                              0x10007800   Data        1920  malloc.o(.ARM.__AT_0x10007800)
    SystemCoreClock                          0x20000000   Data           4  system_stm32l4xx.o(.data)
    uwTick                                   0x20000004   Data           4  stm32l4xx_hal.o(.data)
    USART_RX_STA                             0x2000000c   Data           2  usart.o(.data)
    __stdout                                 0x20000010   Data           4  usart.o(.data)
    POINT_COLOR                              0x20000016   Data           2  lcd.o(.data)
    BACK_COLOR                               0x20000018   Data           2  lcd.o(.data)
    W25QXX_TYPE                              0x2000001a   Data           2  w25qxx.o(.data)
    mallco_dev                               0x2000001c   Data          28  malloc.o(.data)
    SD_Type                                  0x20000038   Data           1  sd_card.o(.data)
    sys_cmd_tab                              0x2000003c   Data          28  usmart.o(.data)
    usmart_nametab                           0x20000058   Data         200  usmart_config.o(.data)
    usmart_dev                               0x20000120   Data         244  usmart_config.o(.data)
    file                                     0x20000220   Data           4  exfuns.o(.data)
    ftemp                                    0x20000224   Data           4  exfuns.o(.data)
    fatbuf                                   0x20000228   Data           4  exfuns.o(.data)
    fs                                       0x2000022c   Data           8  exfuns.o(.data)
    br                                       0x20000234   Data           4  exfuns.o(.data)
    bw                                       0x20000238   Data           4  exfuns.o(.data)
    f_jpeg                                   0x2000023c   Data           4  tjpgd.o(.data)
    jpeg_dev                                 0x20000240   Data           4  tjpgd.o(.data)
    jpg_buffer                               0x20000244   Data           4  tjpgd.o(.data)
    gifdecoding                              0x20000248   Data           1  gif.o(.data)
    Time                                     0x2000024c   Data           3  library.o(.data)
    GuiStruct                                0x20000250   Data           6  library.o(.data)
    Font_Mode                                0x20000256   Data           1  library.o(.data)
    Col_Front                                0x20000258   Data           2  library.o(.data)
    Col_Back                                 0x2000025a   Data           2  library.o(.data)
    Col_Gronud                               0x2000025c   Data           2  library.o(.data)
    Col_Active                               0x2000025e   Data           2  library.o(.data)
    ColPoint                                 0x20000260   Data           4  library.o(.data)
    ColBack                                  0x20000264   Data           4  library.o(.data)
    Digital_Data                             0x20000268   Data          20  library.o(.data)
    Draw_Num                                 0x2000027c   Data           4  library.o(.data)
    m_sin                                    0x20000280   Data           4  library.o(.data)
    m_cos                                    0x20000284   Data           4  library.o(.data)
    FOCAL_DISTANCE                           0x20000288   Data           4  library.o(.data)
    m_asin                                   0x2000028c   Data           4  library.o(.data)
    m_acos                                   0x20000290   Data           4  library.o(.data)
    m_sqrt                                   0x20000294   Data           4  library.o(.data)
    USART_RX_BUF                             0x20000298   Data         200  usart.o(.bss)
    UART1_Handler                            0x20000360   Data         120  usart.o(.bss)
    SPI3_Handler                             0x20000858   Data         100  spi3.o(.bss)
    QSPI_Handler                             0x200008bc   Data          68  qspi.o(.bss)
    W25QXX_BUFFER                            0x20000900   Data        4096  w25qxx.o(.bss)
    mem1base                                 0x20001900   Data       65536  malloc.o(.bss)
    mem1mapbase                              0x20011900   Data        4096  malloc.o(.bss)
    SPI1_Handler                             0x20012900   Data         100  spi1.o(.bss)
    RTC_Handler                              0x20012964   Data          36  rtc.o(.bss)
    TIM4_Handler                             0x20012988   Data          64  usmart.o(.bss)
    fileinfo                                 0x200129c8   Data         288  exfuns.o(.bss)
    dir                                      0x20012ae8   Data          72  exfuns.o(.bss)
    ftinfo                                   0x20012b30   Data          41  fontupd.o(.bss)
    picinfo                                  0x20012b5c   Data          40  piclib.o(.bss)
    pic_phy                                  0x20012b84   Data          20  piclib.o(.bss)
    __initial_sp                             0x20013398   Data           0  startup_stm32l475xx.o(STACK)



==============================================================================

Memory Map of the image

  Image Entry point : 0x08000189

  Load Region LR_IROM1 (Base: 0x08000000, Size: 0x0001b1c0, Max: 0x00080000, ABSOLUTE, COMPRESSED[0x0001b030])

    Execution Region ER_IROM1 (Exec base: 0x08000000, Load base: 0x08000000, Size: 0x0001af28, Max: 0x00080000, ABSOLUTE)

    Exec Addr    Load Addr    Size         Type   Attr      Idx    E Section Name        Object

    0x08000000   0x08000000   0x00000188   Data   RO          619    RESET               startup_stm32l475xx.o
    0x08000188   0x08000188   0x00000000   Code   RO         6957  * .ARM.Collect$$$$00000000  mc_w.l(entry.o)
    0x08000188   0x08000188   0x00000004   Code   RO         7261    .ARM.Collect$$$$00000001  mc_w.l(entry2.o)
    0x0800018c   0x0800018c   0x00000004   Code   RO         7264    .ARM.Collect$$$$00000004  mc_w.l(entry5.o)
    0x08000190   0x08000190   0x00000000   Code   RO         7266    .ARM.Collect$$$$00000008  mc_w.l(entry7b.o)
    0x08000190   0x08000190   0x00000000   Code   RO         7268    .ARM.Collect$$$$0000000A  mc_w.l(entry8b.o)
    0x08000190   0x08000190   0x00000008   Code   RO         7269    .ARM.Collect$$$$0000000B  mc_w.l(entry9a.o)
    0x08000198   0x08000198   0x00000000   Code   RO         7271    .ARM.Collect$$$$0000000D  mc_w.l(entry10a.o)
    0x08000198   0x08000198   0x00000000   Code   RO         7273    .ARM.Collect$$$$0000000F  mc_w.l(entry11a.o)
    0x08000198   0x08000198   0x00000004   Code   RO         7262    .ARM.Collect$$$$00002712  mc_w.l(entry2.o)
    0x0800019c   0x0800019c   0x00000024   Code   RO          620    .text               startup_stm32l475xx.o
    0x080001c0   0x080001c0   0x00000068   Code   RO         6960    .text               mc_w.l(uldiv.o)
    0x08000228   0x08000228   0x00000018   Code   RO         6962    .text               mc_w.l(strcat.o)
    0x08000240   0x08000240   0x0000001c   Code   RO         6966    .text               mc_w.l(strcmp.o)
    0x0800025c   0x0800025c   0x00000012   Code   RO         6968    .text               mc_w.l(strcpy.o)
    0x0800026e   0x0800026e   0x0000001e   Code   RO         7277    .text               mc_w.l(llshl.o)
    0x0800028c   0x0800028c   0x00000020   Code   RO         7279    .text               mc_w.l(llushr.o)
    0x080002ac   0x080002ac   0x00000024   Code   RO         7290    .text               mc_w.l(init.o)
    0x080002d0   0x080002d0   0x00000056   Code   RO         7300    .text               mc_w.l(__dczerorl2.o)
    0x08000326   0x08000326   0x00000002   Code   RO          395    i.BusFault_Handler  stm32l4xx_it.o
    0x08000328   0x08000328   0x00000002   Code   RO          396    i.DebugMon_Handler  stm32l4xx_it.o
    0x0800032a   0x0800032a   0x00000002   PAD
    0x0800032c   0x0800032c   0x00000014   Code   RO         4734    i.Display_ALIENTEK_LOGO  lcd.o
    0x08000340   0x08000340   0x00000098   Code   RO         6485    i.Get_HzMat         text.o
    0x080003d8   0x080003d8   0x0000003a   Code   RO         2348    i.HAL_DMA_Abort     stm32l4xx_hal_dma.o
    0x08000412   0x08000412   0x0000004e   Code   RO         2349    i.HAL_DMA_Abort_IT  stm32l4xx_hal_dma.o
    0x08000460   0x08000460   0x000001d2   Code   RO          981    i.HAL_GPIO_Init     stm32l4xx_hal_gpio.o
    0x08000632   0x08000632   0x0000000a   Code   RO          983    i.HAL_GPIO_ReadPin  stm32l4xx_hal_gpio.o
    0x0800063c   0x0800063c   0x00000008   Code   RO          984    i.HAL_GPIO_TogglePin  stm32l4xx_hal_gpio.o
    0x08000644   0x08000644   0x0000000a   Code   RO          985    i.HAL_GPIO_WritePin  stm32l4xx_hal_gpio.o
    0x0800064e   0x0800064e   0x00000002   PAD
    0x08000650   0x08000650   0x0000000c   Code   RO          638    i.HAL_GetTick       stm32l4xx_hal.o
    0x0800065c   0x0800065c   0x00000010   Code   RO          642    i.HAL_IncTick       stm32l4xx_hal.o
    0x0800066c   0x0800066c   0x0000001e   Code   RO          643    i.HAL_Init          stm32l4xx_hal.o
    0x0800068a   0x0800068a   0x00000002   PAD
    0x0800068c   0x0800068c   0x00000030   Code   RO          644    i.HAL_InitTick      stm32l4xx_hal.o
    0x080006bc   0x080006bc   0x00000002   Code   RO          646    i.HAL_MspInit       stm32l4xx_hal.o
    0x080006be   0x080006be   0x00000016   Code   RO          848    i.HAL_NVIC_EnableIRQ  stm32l4xx_hal_cortex.o
    0x080006d4   0x080006d4   0x00000040   Code   RO          854    i.HAL_NVIC_SetPriority  stm32l4xx_hal_cortex.o
    0x08000714   0x08000714   0x00000024   Code   RO          855    i.HAL_NVIC_SetPriorityGrouping  stm32l4xx_hal_cortex.o
    0x08000738   0x08000738   0x00000068   Code   RO         1159    i.HAL_PWREx_ControlVoltageScaling  stm32l4xx_hal_pwr_ex.o
    0x080007a0   0x080007a0   0x00000010   Code   RO         1190    i.HAL_PWREx_GetVoltageRange  stm32l4xx_hal_pwr_ex.o
    0x080007b0   0x080007b0   0x00000010   Code   RO         1051    i.HAL_PWR_EnableBkUpAccess  stm32l4xx_hal_pwr.o
    0x080007c0   0x080007c0   0x00000086   Code   RO         3709    i.HAL_QSPI_Abort    stm32l4xx_hal_qspi.o
    0x08000846   0x08000846   0x0000008c   Code   RO         3715    i.HAL_QSPI_Command  stm32l4xx_hal_qspi.o
    0x080008d2   0x080008d2   0x00000002   PAD
    0x080008d4   0x080008d4   0x000000b0   Code   RO         3724    i.HAL_QSPI_Init     stm32l4xx_hal_qspi.o
    0x08000984   0x08000984   0x00000050   Code   RO         4956    i.HAL_QSPI_MspInit  qspi.o
    0x080009d4   0x080009d4   0x000000ca   Code   RO         3728    i.HAL_QSPI_Receive  stm32l4xx_hal_qspi.o
    0x08000a9e   0x08000a9e   0x000000c0   Code   RO         3737    i.HAL_QSPI_Transmit  stm32l4xx_hal_qspi.o
    0x08000b5e   0x08000b5e   0x00000002   PAD
    0x08000b60   0x08000b60   0x000003aa   Code   RO         1520    i.HAL_RCCEx_PeriphCLKConfig  stm32l4xx_hal_rcc_ex.o
    0x08000f0a   0x08000f0a   0x00000002   PAD
    0x08000f0c   0x08000f0c   0x00000124   Code   RO         1405    i.HAL_RCC_ClockConfig  stm32l4xx_hal_rcc.o
    0x08001030   0x08001030   0x00000024   Code   RO         1411    i.HAL_RCC_GetPCLK1Freq  stm32l4xx_hal_rcc.o
    0x08001054   0x08001054   0x00000024   Code   RO         1412    i.HAL_RCC_GetPCLK2Freq  stm32l4xx_hal_rcc.o
    0x08001078   0x08001078   0x000000a8   Code   RO         1413    i.HAL_RCC_GetSysClockFreq  stm32l4xx_hal_rcc.o
    0x08001120   0x08001120   0x00000454   Code   RO         1416    i.HAL_RCC_OscConfig  stm32l4xx_hal_rcc.o
    0x08001574   0x08001574   0x00000002   Code   RO         4285    i.HAL_RTCEx_AlarmBEventCallback  stm32l4xx_hal_rtc_ex.o
    0x08001576   0x08001576   0x0000000a   Code   RO         4286    i.HAL_RTCEx_BKUPRead  stm32l4xx_hal_rtc_ex.o
    0x08001580   0x08001580   0x00000010   Code   RO         4287    i.HAL_RTCEx_BKUPWrite  stm32l4xx_hal_rtc_ex.o
    0x08001590   0x08001590   0x00000010   Code   RO         5408    i.HAL_RTCEx_WakeUpTimerEventCallback  rtc.o
    0x080015a0   0x080015a0   0x00000034   Code   RO         4321    i.HAL_RTCEx_WakeUpTimerIRQHandler  stm32l4xx_hal_rtc_ex.o
    0x080015d4   0x080015d4   0x00000028   Code   RO         5409    i.HAL_RTC_AlarmAEventCallback  rtc.o
    0x080015fc   0x080015fc   0x00000058   Code   RO         4149    i.HAL_RTC_AlarmIRQHandler  stm32l4xx_hal_rtc.o
    0x08001654   0x08001654   0x00000044   Code   RO         4153    i.HAL_RTC_GetDate   stm32l4xx_hal_rtc.o
    0x08001698   0x08001698   0x00000054   Code   RO         4155    i.HAL_RTC_GetTime   stm32l4xx_hal_rtc.o
    0x080016ec   0x080016ec   0x000000c0   Code   RO         4156    i.HAL_RTC_Init      stm32l4xx_hal_rtc.o
    0x080017ac   0x080017ac   0x00000050   Code   RO         5410    i.HAL_RTC_MspInit   rtc.o
    0x080017fc   0x080017fc   0x000000d0   Code   RO         4162    i.HAL_RTC_SetDate   stm32l4xx_hal_rtc.o
    0x080018cc   0x080018cc   0x00000100   Code   RO         4163    i.HAL_RTC_SetTime   stm32l4xx_hal_rtc.o
    0x080019cc   0x080019cc   0x00000034   Code   RO         4164    i.HAL_RTC_WaitForSynchro  stm32l4xx_hal_rtc.o
    0x08001a00   0x08001a00   0x000000ac   Code   RO         3369    i.HAL_SPI_Init      stm32l4xx_hal_spi.o
    0x08001aac   0x08001aac   0x000000a0   Code   RO         4911    i.HAL_SPI_MspInit   spi3.o
    0x08001b4c   0x08001b4c   0x00000188   Code   RO         3377    i.HAL_SPI_Transmit  stm32l4xx_hal_spi.o
    0x08001cd4   0x08001cd4   0x00000260   Code   RO         3378    i.HAL_SPI_TransmitReceive  stm32l4xx_hal_spi.o
    0x08001f34   0x08001f34   0x00000018   Code   RO          857    i.HAL_SYSTICK_CLKSourceConfig  stm32l4xx_hal_cortex.o
    0x08001f4c   0x08001f4c   0x00000028   Code   RO          859    i.HAL_SYSTICK_Config  stm32l4xx_hal_cortex.o
    0x08001f74   0x08001f74   0x00000036   Code   RO         2462    i.HAL_TIM_Base_Init  stm32l4xx_hal_tim.o
    0x08001faa   0x08001faa   0x00000002   Code   RO         2464    i.HAL_TIM_Base_MspInit  stm32l4xx_hal_tim.o
    0x08001fac   0x08001fac   0x00000030   Code   RO         2467    i.HAL_TIM_Base_Start_IT  stm32l4xx_hal_tim.o
    0x08001fdc   0x08001fdc   0x00000002   Code   RO         2009    i.HAL_UARTEx_WakeupCallback  stm32l4xx_hal_uart_ex.o
    0x08001fde   0x08001fde   0x00000002   Code   RO         1668    i.HAL_UART_ErrorCallback  stm32l4xx_hal_uart.o
    0x08001fe0   0x08001fe0   0x00000144   Code   RO         1671    i.HAL_UART_IRQHandler  stm32l4xx_hal_uart.o
    0x08002124   0x08002124   0x0000006a   Code   RO         1672    i.HAL_UART_Init     stm32l4xx_hal_uart.o
    0x0800218e   0x0800218e   0x00000002   PAD
    0x08002190   0x08002190   0x00000068   Code   RO         4591    i.HAL_UART_MspInit  usart.o
    0x080021f8   0x080021f8   0x000000ee   Code   RO         1675    i.HAL_UART_Receive  stm32l4xx_hal_uart.o
    0x080022e6   0x080022e6   0x00000002   Code   RO         1683    i.HAL_UART_TxCpltCallback  stm32l4xx_hal_uart.o
    0x080022e8   0x080022e8   0x00000002   Code   RO          397    i.HardFault_Handler  stm32l4xx_it.o
    0x080022ea   0x080022ea   0x00000002   PAD
    0x080022ec   0x080022ec   0x00000068   Code   RO         4703    i.KEY_Init          key.o
    0x08002354   0x08002354   0x000000e2   Code   RO         4704    i.KEY_Scan          key.o
    0x08002436   0x08002436   0x00000052   Code   RO         4735    i.LCD_Address_Set   lcd.o
    0x08002488   0x08002488   0x00000058   Code   RO         4736    i.LCD_Clear         lcd.o
    0x080024e0   0x080024e0   0x00000016   Code   RO         4742    i.LCD_Draw_ColorPoint  lcd.o
    0x080024f6   0x080024f6   0x00000002   PAD
    0x080024f8   0x080024f8   0x00000080   Code   RO         4744    i.LCD_Fill          lcd.o
    0x08002578   0x08002578   0x00000084   Code   RO         4745    i.LCD_Fill_Buf      lcd.o
    0x080025fc   0x080025fc   0x000000a4   Code   RO         4746    i.LCD_Gpio_Init     lcd.o
    0x080026a0   0x080026a0   0x000001a0   Code   RO         4747    i.LCD_Init          lcd.o
    0x08002840   0x08002840   0x00000010   Code   RO         4748    i.LCD_Pow           lcd.o
    0x08002850   0x08002850   0x00000004   Code   RO         4750    i.LCD_SPI_Send      lcd.o
    0x08002854   0x08002854   0x00000142   Code   RO         4751    i.LCD_ShowChar      lcd.o
    0x08002996   0x08002996   0x0000004c   Code   RO         4753    i.LCD_ShowString    lcd.o
    0x080029e2   0x080029e2   0x00000002   PAD
    0x080029e4   0x080029e4   0x0000004c   Code   RO         4754    i.LCD_Show_Image    lcd.o
    0x08002a30   0x08002a30   0x00000080   Code   RO         4755    i.LCD_ShowxNum      lcd.o
    0x08002ab0   0x08002ab0   0x0000001c   Code   RO         4756    i.LCD_Write_Cmd     lcd.o
    0x08002acc   0x08002acc   0x0000001c   Code   RO         4757    i.LCD_Write_Data    lcd.o
    0x08002ae8   0x08002ae8   0x00000028   Code   RO         4758    i.LCD_Write_HalfWord  lcd.o
    0x08002b10   0x08002b10   0x00000048   Code   RO         4652    i.LED_Init          led.o
    0x08002b58   0x08002b58   0x00000002   Code   RO          398    i.MemManage_Handler  stm32l4xx_it.o
    0x08002b5a   0x08002b5a   0x00000002   Code   RO          399    i.NMI_Handler       stm32l4xx_it.o
    0x08002b5c   0x08002b5c   0x00000020   Code   RO          861    i.NVIC_SetPriority  stm32l4xx_hal_cortex.o
    0x08002b7c   0x08002b7c   0x00000002   Code   RO          400    i.PendSV_Handler    stm32l4xx_it.o
    0x08002b7e   0x08002b7e   0x0000017a   Code   RO         3742    i.QSPI_Config       stm32l4xx_hal_qspi.o
    0x08002cf8   0x08002cf8   0x00000040   Code   RO         4957    i.QSPI_Init         qspi.o
    0x08002d38   0x08002d38   0x00000024   Code   RO         4958    i.QSPI_Receive      qspi.o
    0x08002d5c   0x08002d5c   0x00000038   Code   RO         4959    i.QSPI_Send_CMD     qspi.o
    0x08002d94   0x08002d94   0x00000024   Code   RO         4960    i.QSPI_Transmit     qspi.o
    0x08002db8   0x08002db8   0x00000048   Code   RO         3749    i.QSPI_WaitFlagStateUntilTimeout  stm32l4xx_hal_qspi.o
    0x08002e00   0x08002e00   0x0000012c   Code   RO         1524    i.RCCEx_PLLSAI1_Config  stm32l4xx_hal_rcc_ex.o
    0x08002f2c   0x08002f2c   0x0000010c   Code   RO         1525    i.RCCEx_PLLSAI2_Config  stm32l4xx_hal_rcc_ex.o
    0x08003038   0x08003038   0x0000007c   Code   RO         1417    i.RCC_SetFlashLatencyFromMSIRange  stm32l4xx_hal_rcc.o
    0x080030b4   0x080030b4   0x0000000c   Code   RO         5411    i.RTC_Alarm_IRQHandler  rtc.o
    0x080030c0   0x080030c0   0x00000012   Code   RO         4165    i.RTC_Bcd2ToByte    stm32l4xx_hal_rtc.o
    0x080030d2   0x080030d2   0x00000016   Code   RO         4166    i.RTC_ByteToBcd2    stm32l4xx_hal_rtc.o
    0x080030e8   0x080030e8   0x00000038   Code   RO         4167    i.RTC_EnterInitMode  stm32l4xx_hal_rtc.o
    0x08003120   0x08003120   0x00000064   Code   RO         5412    i.RTC_Init          rtc.o
    0x08003184   0x08003184   0x00000024   Code   RO         5414    i.RTC_Set_Date      rtc.o
    0x080031a8   0x080031a8   0x0000002c   Code   RO         5415    i.RTC_Set_Time      rtc.o
    0x080031d4   0x080031d4   0x0000000c   Code   RO         5417    i.RTC_WKUP_IRQHandler  rtc.o
    0x080031e0   0x080031e0   0x0000001c   Code   RO         5289    i.SD_DisSelect      sd_card.o
    0x080031fc   0x080031fc   0x0000002a   Code   RO         5291    i.SD_GetCSD         sd_card.o
    0x08003226   0x08003226   0x00000028   Code   RO         5292    i.SD_GetResponse    sd_card.o
    0x0800324e   0x0800324e   0x0000006e   Code   RO         5293    i.SD_GetSectorCount  sd_card.o
    0x080032bc   0x080032bc   0x00000158   Code   RO         5294    i.SD_Init           sd_card.o
    0x08003414   0x08003414   0x0000006c   Code   RO         5295    i.SD_ReadDisk       sd_card.o
    0x08003480   0x08003480   0x00000032   Code   RO         5296    i.SD_RecvData       sd_card.o
    0x080034b2   0x080034b2   0x00000002   PAD
    0x080034b4   0x080034b4   0x00000054   Code   RO         5297    i.SD_SPI_Init       sd_card.o
    0x08003508   0x08003508   0x00000004   Code   RO         5298    i.SD_SPI_ReadWriteByte  sd_card.o
    0x0800350c   0x0800350c   0x00000020   Code   RO         5301    i.SD_Select         sd_card.o
    0x0800352c   0x0800352c   0x00000050   Code   RO         5302    i.SD_SendBlock      sd_card.o
    0x0800357c   0x0800357c   0x0000005e   Code   RO         5303    i.SD_SendCmd        sd_card.o
    0x080035da   0x080035da   0x00000020   Code   RO         5304    i.SD_WaitReady      sd_card.o
    0x080035fa   0x080035fa   0x00000002   PAD
    0x080035fc   0x080035fc   0x00000080   Code   RO         5305    i.SD_WriteDisk      sd_card.o
    0x0800367c   0x0800367c   0x00000054   Code   RO         5241    i.SPI1_Init         spi1.o
    0x080036d0   0x080036d0   0x00000020   Code   RO         5242    i.SPI1_ReadWriteByte  spi1.o
    0x080036f0   0x080036f0   0x00000034   Code   RO         5243    i.SPI1_SetSpeed     spi1.o
    0x08003724   0x08003724   0x00000018   Code   RO         5244    i.SPI1_WriteByte    spi1.o
    0x0800373c   0x0800373c   0x0000004c   Code   RO         4912    i.SPI3_Init         spi3.o
    0x08003788   0x08003788   0x00000014   Code   RO         4914    i.SPI3_WriteByte    spi3.o
    0x0800379c   0x0800379c   0x00000048   Code   RO         3407    i.SPI_EndRxTxTransaction  stm32l4xx_hal_spi.o
    0x080037e4   0x080037e4   0x00000096   Code   RO         3412    i.SPI_WaitFifoStateUntilTimeout  stm32l4xx_hal_spi.o
    0x0800387a   0x0800387a   0x00000094   Code   RO         3413    i.SPI_WaitFlagStateUntilTimeout  stm32l4xx_hal_spi.o
    0x0800390e   0x0800390e   0x00000002   Code   RO          401    i.SVC_Handler       stm32l4xx_it.o
    0x08003910   0x08003910   0x0000010e   Code   RO         6486    i.Show_Font         text.o
    0x08003a1e   0x08003a1e   0x000000a8   Code   RO         6487    i.Show_Str          text.o
    0x08003ac6   0x08003ac6   0x00000004   Code   RO          402    i.SysTick_Handler   stm32l4xx_it.o
    0x08003aca   0x08003aca   0x00000002   PAD
    0x08003acc   0x08003acc   0x00000070   Code   RO         4526    i.SystemClock_Config  sys.o
    0x08003b3c   0x08003b3c   0x00000044   Code   RO          474    i.SystemInit        system_stm32l4xx.o
    0x08003b80   0x08003b80   0x00000034   Code   RO         5491    i.TIM4_IRQHandler   usmart.o
    0x08003bb4   0x08003bb4   0x000000c0   Code   RO         2546    i.TIM_Base_SetConfig  stm32l4xx_hal_tim.o
    0x08003c74   0x08003c74   0x000001ee   Code   RO         6887    i.Time_Show_Style   Library.lib(library.o)
    0x08003e62   0x08003e62   0x00000002   PAD
    0x08003e64   0x08003e64   0x00000054   Code   RO         5492    i.Timer4_Init       usmart.o
    0x08003eb8   0x08003eb8   0x000000c8   Code   RO         1685    i.UART_AdvFeatureConfig  stm32l4xx_hal_uart.o
    0x08003f80   0x08003f80   0x0000005c   Code   RO         1686    i.UART_CheckIdleState  stm32l4xx_hal_uart.o
    0x08003fdc   0x08003fdc   0x00000014   Code   RO         1687    i.UART_DMAAbortOnError  stm32l4xx_hal_uart.o
    0x08003ff0   0x08003ff0   0x00000020   Code   RO         1697    i.UART_EndRxTransfer  stm32l4xx_hal_uart.o
    0x08004010   0x08004010   0x000002bc   Code   RO         1701    i.UART_SetConfig    stm32l4xx_hal_uart.o
    0x080042cc   0x080042cc   0x00000062   Code   RO         1704    i.UART_WaitOnFlagUntilTimeout  stm32l4xx_hal_uart.o
    0x0800432e   0x0800432e   0x00000002   PAD
    0x08004330   0x08004330   0x0000006c   Code   RO         4592    i.USART1_IRQHandler  usart.o
    0x0800439c   0x0800439c   0x00000002   Code   RO          403    i.UsageFault_Handler  stm32l4xx_it.o
    0x0800439e   0x0800439e   0x00000028   Code   RO         5010    i.W25QXX_Erase_Chip  w25qxx.o
    0x080043c6   0x080043c6   0x0000002a   Code   RO         5011    i.W25QXX_Erase_Sector  w25qxx.o
    0x080043f0   0x080043f0   0x00000014   Code   RO         5012    i.W25QXX_Init       w25qxx.o
    0x08004404   0x08004404   0x0000002a   Code   RO         5013    i.W25QXX_Read       w25qxx.o
    0x0800442e   0x0800442e   0x0000002c   Code   RO         5014    i.W25QXX_ReadID     w25qxx.o
    0x0800445a   0x0800445a   0x00000042   Code   RO         5015    i.W25QXX_ReadSR     w25qxx.o
    0x0800449c   0x0800449c   0x0000000e   Code   RO         5016    i.W25QXX_Wait_Busy  w25qxx.o
    0x080044aa   0x080044aa   0x00000002   PAD
    0x080044ac   0x080044ac   0x000000a2   Code   RO         5017    i.W25QXX_Write      w25qxx.o
    0x0800454e   0x0800454e   0x0000001a   Code   RO         5019    i.W25QXX_Write_Enable  w25qxx.o
    0x08004568   0x08004568   0x0000003e   Code   RO         5020    i.W25QXX_Write_NoCheck  w25qxx.o
    0x080045a6   0x080045a6   0x00000034   Code   RO         5021    i.W25QXX_Write_Page  w25qxx.o
    0x080045da   0x080045da   0x00000002   PAD
    0x080045dc   0x080045dc   0x00000020   Code   RO         7177    i.__0printf$8       mc_w.l(printf8.o)
    0x080045fc   0x080045fc   0x0000000e   Code   RO         7294    i.__scatterload_copy  mc_w.l(handlers.o)
    0x0800460a   0x0800460a   0x00000002   Code   RO         7295    i.__scatterload_null  mc_w.l(handlers.o)
    0x0800460c   0x0800460c   0x0000000e   Code   RO         7296    i.__scatterload_zeroinit  mc_w.l(handlers.o)
    0x0800461a   0x0800461a   0x00000002   PAD
    0x0800461c   0x0800461c   0x00000416   Code   RO         7184    i._printf_core      mc_w.l(printf8.o)
    0x08004a32   0x08004a32   0x00000024   Code   RO         7185    i._printf_post_padding  mc_w.l(printf8.o)
    0x08004a56   0x08004a56   0x0000002e   Code   RO         7186    i._printf_pre_padding  mc_w.l(printf8.o)
    0x08004a84   0x08004a84   0x000000ac   Code   RO         6563    i.ai_draw_init      piclib.o
    0x08004b30   0x08004b30   0x00000088   Code   RO         6564    i.ai_load_picfile   piclib.o
    0x08004bb8   0x08004bb8   0x0000001c   Code   RO         6642    i.alloc_pool        tjpgd.o
    0x08004bd4   0x08004bd4   0x0000007a   Code   RO         6643    i.bitext            tjpgd.o
    0x08004c4e   0x08004c4e   0x00000002   PAD
    0x08004c50   0x08004c50   0x000001ea   Code   RO         6644    i.block_idct        tjpgd.o
    0x08004e3a   0x08004e3a   0x00000076   Code   RO         5688    i.change_bitmap     ff.o
    0x08004eb0   0x08004eb0   0x0000000e   Code   RO         6161    i.char_upper        exfuns.o
    0x08004ebe   0x08004ebe   0x00000002   PAD
    0x08004ec0   0x08004ec0   0x00000074   Code   RO         5689    i.check_fs          ff.o
    0x08004f34   0x08004f34   0x00000010   Code   RO         5690    i.chk_chr           ff.o
    0x08004f44   0x08004f44   0x00000032   Code   RO         5691    i.clmt_clust        ff.o
    0x08004f76   0x08004f76   0x00000018   Code   RO         5692    i.clust2sect        ff.o
    0x08004f8e   0x08004f8e   0x00000002   PAD
    0x08004f90   0x08004f90   0x0000008a   Code   RO         5693    i.cmp_lfn           ff.o
    0x0800501a   0x0800501a   0x0000010e   Code   RO         5694    i.create_chain      ff.o
    0x08005128   0x08005128   0x000000d0   Code   RO         6645    i.create_huffman_tbl  tjpgd.o
    0x080051f8   0x080051f8   0x0000021e   Code   RO         5695    i.create_name       ff.o
    0x08005416   0x08005416   0x00000082   Code   RO         5696    i.create_xdir       ff.o
    0x08005498   0x08005498   0x00000014   Code   RO         4553    i.delay_init        delay.o
    0x080054ac   0x080054ac   0x0000001a   Code   RO         4554    i.delay_ms          delay.o
    0x080054c6   0x080054c6   0x00000002   PAD
    0x080054c8   0x080054c8   0x00000034   Code   RO         4555    i.delay_us          delay.o
    0x080054fc   0x080054fc   0x00000058   Code   RO         5697    i.dir_alloc         ff.o
    0x08005554   0x08005554   0x00000142   Code   RO         5698    i.dir_find          ff.o
    0x08005696   0x08005696   0x00000104   Code   RO         5699    i.dir_next          ff.o
    0x0800579a   0x0800579a   0x000000e6   Code   RO         5700    i.dir_read          ff.o
    0x08005880   0x08005880   0x00000242   Code   RO         5701    i.dir_register      ff.o
    0x08005ac2   0x08005ac2   0x0000005e   Code   RO         5702    i.dir_remove        ff.o
    0x08005b20   0x08005b20   0x00000096   Code   RO         5703    i.dir_sdi           ff.o
    0x08005bb6   0x08005bb6   0x0000001c   Code   RO         6095    i.disk_initialize   diskio.o
    0x08005bd2   0x08005bd2   0x00000052   Code   RO         6096    i.disk_ioctl        diskio.o
    0x08005c24   0x08005c24   0x00000052   Code   RO         6097    i.disk_read         diskio.o
    0x08005c76   0x08005c76   0x00000004   Code   RO         6098    i.disk_status       diskio.o
    0x08005c7a   0x08005c7a   0x00000052   Code   RO         6099    i.disk_write        diskio.o
    0x08005ccc   0x08005ccc   0x00000064   Code   RO         6167    i.exfuns_init       exfuns.o
    0x08005d30   0x08005d30   0x0000001e   Code   RO         5704    i.f_close           ff.o
    0x08005d4e   0x08005d4e   0x00000014   Code   RO         5705    i.f_closedir        ff.o
    0x08005d62   0x08005d62   0x00000118   Code   RO         5706    i.f_getfree         ff.o
    0x08005e7a   0x08005e7a   0x000000f2   Code   RO         5707    i.f_getlabel        ff.o
    0x08005f6c   0x08005f6c   0x00000044   Code   RO         5708    i.f_gets            ff.o
    0x08005fb0   0x08005fb0   0x000002c2   Code   RO         5709    i.f_lseek           ff.o
    0x08006272   0x08006272   0x000001e2   Code   RO         5710    i.f_mkdir           ff.o
    0x08006454   0x08006454   0x000004ca   Code   RO         5711    i.f_mkfs            ff.o
    0x0800691e   0x0800691e   0x00000002   PAD
    0x08006920   0x08006920   0x0000004c   Code   RO         5712    i.f_mount           ff.o
    0x0800696c   0x0800696c   0x0000027c   Code   RO         5713    i.f_open            ff.o
    0x08006be8   0x08006be8   0x000000d4   Code   RO         5714    i.f_opendir         ff.o
    0x08006cbc   0x08006cbc   0x0000003c   Code   RO         5716    i.f_putc            ff.o
    0x08006cf8   0x08006cf8   0x00000046   Code   RO         5717    i.f_puts            ff.o
    0x08006d3e   0x08006d3e   0x0000017c   Code   RO         5718    i.f_read            ff.o
    0x08006eba   0x08006eba   0x00000076   Code   RO         5719    i.f_readdir         ff.o
    0x08006f30   0x08006f30   0x0000018e   Code   RO         5720    i.f_rename          ff.o
    0x080070be   0x080070be   0x00000002   PAD
    0x080070c0   0x080070c0   0x000001d0   Code   RO         5721    i.f_setlabel        ff.o
    0x08007290   0x08007290   0x00000152   Code   RO         5723    i.f_sync            ff.o
    0x080073e2   0x080073e2   0x00000002   PAD
    0x080073e4   0x080073e4   0x00000088   Code   RO         6168    i.f_typetell        exfuns.o
    0x0800746c   0x0800746c   0x0000010a   Code   RO         5725    i.f_unlink          ff.o
    0x08007576   0x08007576   0x000001da   Code   RO         5726    i.f_write           ff.o
    0x08007750   0x08007750   0x00000076   Code   RO         6403    i.ff_convert        mycc936.o
    0x080077c6   0x080077c6   0x00000008   Code   RO         6100    i.ff_memalloc       diskio.o
    0x080077ce   0x080077ce   0x00000008   Code   RO         6101    i.ff_memfree        diskio.o
    0x080077d6   0x080077d6   0x00000002   PAD
    0x080077d8   0x080077d8   0x00000024   Code   RO         6404    i.ff_wtoupper       mycc936.o
    0x080077fc   0x080077fc   0x0000002e   Code   RO         5727    i.fill_fat_chain    ff.o
    0x0800782a   0x0800782a   0x00000092   Code   RO         5728    i.find_bitmap       ff.o
    0x080078bc   0x080078bc   0x00000356   Code   RO         5729    i.find_volume       ff.o
    0x08007c12   0x08007c12   0x000000b4   Code   RO         5730    i.follow_path       ff.o
    0x08007cc6   0x08007cc6   0x00000002   PAD
    0x08007cc8   0x08007cc8   0x00000040   Code   RO         6434    i.font_init         fontupd.o
    0x08007d08   0x08007d08   0x00000018   Code   RO         4594    i.fputc             usart.o
    0x08007d20   0x08007d20   0x0000008c   Code   RO         5731    i.gen_numname       ff.o
    0x08007dac   0x08007dac   0x00000126   Code   RO         5732    i.get_fat           ff.o
    0x08007ed2   0x08007ed2   0x00000004   Code   RO         6102    i.get_fattime       diskio.o
    0x08007ed6   0x08007ed6   0x00000106   Code   RO         5733    i.get_fileinfo      ff.o
    0x08007fdc   0x08007fdc   0x0000003c   Code   RO         5734    i.get_ldnumber      ff.o
    0x08008018   0x08008018   0x0000008a   Code   RO         5735    i.get_xdir_info     ff.o
    0x080080a2   0x080080a2   0x0000004e   Code   RO         6763    i.gif_check_head    gif.o
    0x080080f0   0x080080f0   0x00000152   Code   RO         6764    i.gif_clear2bkcolor  gif.o
    0x08008242   0x08008242   0x00000002   PAD
    0x08008244   0x08008244   0x0000010e   Code   RO         6765    i.gif_decode        gif.o
    0x08008352   0x08008352   0x00000002   PAD
    0x08008354   0x08008354   0x000001aa   Code   RO         6766    i.gif_dispimage     gif.o
    0x080084fe   0x080084fe   0x0000011e   Code   RO         6767    i.gif_drawimage     gif.o
    0x0800861c   0x0800861c   0x0000003c   Code   RO         6768    i.gif_getdatablock  gif.o
    0x08008658   0x08008658   0x00000036   Code   RO         6769    i.gif_getinfo       gif.o
    0x0800868e   0x0800868e   0x0000023c   Code   RO         6770    i.gif_getnextbyte   gif.o
    0x080088ca   0x080088ca   0x00000002   PAD
    0x080088cc   0x080088cc   0x00000124   Code   RO         6771    i.gif_getnextcode   gif.o
    0x080089f0   0x080089f0   0x00000018   Code   RO         6772    i.gif_getrgb565     gif.o
    0x08008a08   0x08008a08   0x0000008a   Code   RO         6773    i.gif_initlzw       gif.o
    0x08008a92   0x08008a92   0x0000003a   Code   RO         6775    i.gif_readcolortbl  gif.o
    0x08008acc   0x08008acc   0x00000082   Code   RO         6776    i.gif_readextension  gif.o
    0x08008b4e   0x08008b4e   0x00000016   Code   RO         6777    i.gif_recovergctbl  gif.o
    0x08008b64   0x08008b64   0x00000016   Code   RO         6778    i.gif_savegctbl     gif.o
    0x08008b7a   0x08008b7a   0x000000a8   Code   RO         6646    i.huffext           tjpgd.o
    0x08008c22   0x08008c22   0x00000002   PAD
    0x08008c24   0x08008c24   0x00000024   Code   RO         6565    i.is_element_ok     piclib.o
    0x08008c48   0x08008c48   0x000000ec   Code   RO         6647    i.jd_decomp         tjpgd.o
    0x08008d34   0x08008d34   0x000002ce   Code   RO         6648    i.jd_prepare        tjpgd.o
    0x08009002   0x08009002   0x00000002   PAD
    0x08009004   0x08009004   0x00000020   Code   RO         6649    i.jpeg_freeall      tjpgd.o
    0x08009024   0x08009024   0x0000002a   Code   RO         6650    i.jpeg_in_func      tjpgd.o
    0x0800904e   0x0800904e   0x00000002   PAD
    0x08009050   0x08009050   0x00000034   Code   RO         6651    i.jpeg_mallocall    tjpgd.o
    0x08009084   0x08009084   0x000000da   Code   RO         6653    i.jpeg_out_func_point  tjpgd.o
    0x0800915e   0x0800915e   0x00000002   PAD
    0x08009160   0x08009160   0x000000bc   Code   RO         6654    i.jpg_decode        tjpgd.o
    0x0800921c   0x0800921c   0x00000026   Code   RO         5736    i.ld_clust          ff.o
    0x08009242   0x08009242   0x00000016   Code   RO         5737    i.ld_dword          ff.o
    0x08009258   0x08009258   0x00000056   Code   RO         5738    i.ld_qword          ff.o
    0x080092ae   0x080092ae   0x0000000a   Code   RO         5739    i.ld_word           ff.o
    0x080092b8   0x080092b8   0x00000038   Code   RO         5740    i.load_obj_dir      ff.o
    0x080092f0   0x080092f0   0x000000aa   Code   RO         5741    i.load_xdir         ff.o
    0x0800939a   0x0800939a   0x00000002   PAD
    0x0800939c   0x0800939c   0x00000502   Code   RO            4    i.main              main.o
    0x0800989e   0x0800989e   0x00000002   PAD
    0x080098a0   0x080098a0   0x00000162   Code   RO         6655    i.mcu_load          tjpgd.o
    0x08009a02   0x08009a02   0x00000002   PAD
    0x08009a04   0x08009a04   0x00000312   Code   RO         6656    i.mcu_output        tjpgd.o
    0x08009d16   0x08009d16   0x00000018   Code   RO         5742    i.mem_cmp           ff.o
    0x08009d2e   0x08009d2e   0x00000012   Code   RO         5743    i.mem_cpy           ff.o
    0x08009d40   0x08009d40   0x0000000c   Code   RO         5744    i.mem_set           ff.o
    0x08009d4c   0x08009d4c   0x00000014   Code   RO         6249    i.mf_close          fattester.o
    0x08009d60   0x08009d60   0x0000000c   Code   RO         6250    i.mf_closedir       fattester.o
    0x08009d6c   0x08009d6c   0x00000004   Code   RO         6251    i.mf_fmkfs          fattester.o
    0x08009d70   0x08009d70   0x00000080   Code   RO         6252    i.mf_getlabel       fattester.o
    0x08009df0   0x08009df0   0x00000048   Code   RO         6253    i.mf_gets           fattester.o
    0x08009e38   0x08009e38   0x00000010   Code   RO         6254    i.mf_lseek          fattester.o
    0x08009e48   0x08009e48   0x00000004   Code   RO         6255    i.mf_mkdir          fattester.o
    0x08009e4c   0x08009e4c   0x00000014   Code   RO         6256    i.mf_mount          fattester.o
    0x08009e60   0x08009e60   0x00000010   Code   RO         6257    i.mf_open           fattester.o
    0x08009e70   0x08009e70   0x0000000c   Code   RO         6258    i.mf_opendir        fattester.o
    0x08009e7c   0x08009e7c   0x00000014   Code   RO         6259    i.mf_putc           fattester.o
    0x08009e90   0x08009e90   0x00000014   Code   RO         6260    i.mf_puts           fattester.o
    0x08009ea4   0x08009ea4   0x00000152   Code   RO         6261    i.mf_read           fattester.o
    0x08009ff6   0x08009ff6   0x00000002   PAD
    0x08009ff8   0x08009ff8   0x000001a8   Code   RO         6262    i.mf_readdir        fattester.o
    0x0800a1a0   0x0800a1a0   0x00000004   Code   RO         6263    i.mf_rename         fattester.o
    0x0800a1a4   0x0800a1a4   0x0000005c   Code   RO         6264    i.mf_scan_files     fattester.o
    0x0800a200   0x0800a200   0x00000054   Code   RO         6265    i.mf_setlabel       fattester.o
    0x0800a254   0x0800a254   0x00000090   Code   RO         6266    i.mf_showfree       fattester.o
    0x0800a2e4   0x0800a2e4   0x0000000c   Code   RO         6267    i.mf_size           fattester.o
    0x0800a2f0   0x0800a2f0   0x0000000c   Code   RO         6268    i.mf_tell           fattester.o
    0x0800a2fc   0x0800a2fc   0x00000004   Code   RO         6269    i.mf_unlink         fattester.o
    0x0800a300   0x0800a300   0x000000b4   Code   RO         6270    i.mf_write          fattester.o
    0x0800a3b4   0x0800a3b4   0x00000032   Code   RO         5745    i.move_window       ff.o
    0x0800a3e6   0x0800a3e6   0x00000002   PAD
    0x0800a3e8   0x0800a3e8   0x00000058   Code   RO         5160    i.my_mem_free       malloc.o
    0x0800a440   0x0800a440   0x0000002c   Code   RO         5161    i.my_mem_init       malloc.o
    0x0800a46c   0x0800a46c   0x00000088   Code   RO         5162    i.my_mem_malloc     malloc.o
    0x0800a4f4   0x0800a4f4   0x0000003c   Code   RO         5163    i.my_mem_perused    malloc.o
    0x0800a530   0x0800a530   0x00000018   Code   RO         5164    i.myfree            malloc.o
    0x0800a548   0x0800a548   0x00000020   Code   RO         5165    i.mymalloc          malloc.o
    0x0800a568   0x0800a568   0x0000000c   Code   RO         5167    i.mymemset          malloc.o
    0x0800a574   0x0800a574   0x00000054   Code   RO            5    i.pic_get_tnum      main.o
    0x0800a5c8   0x0800a5c8   0x00000008   Code   RO         6566    i.pic_memalloc      piclib.o
    0x0800a5d0   0x0800a5d0   0x00000008   Code   RO         6567    i.pic_memfree       piclib.o
    0x0800a5d8   0x0800a5d8   0x00000070   Code   RO         5746    i.pick_lfn          ff.o
    0x0800a648   0x0800a648   0x0000001e   Code   RO         6569    i.piclib_draw_hline  piclib.o
    0x0800a666   0x0800a666   0x00000018   Code   RO         6570    i.piclib_fill_color  piclib.o
    0x0800a67e   0x0800a67e   0x00000002   PAD
    0x0800a680   0x0800a680   0x00000044   Code   RO         6571    i.piclib_init       piclib.o
    0x0800a6c4   0x0800a6c4   0x000000f6   Code   RO         5747    i.put_fat           ff.o
    0x0800a7ba   0x0800a7ba   0x0000003a   Code   RO         5748    i.putc_bfd          ff.o
    0x0800a7f4   0x0800a7f4   0x00000004   Code   RO         5493    i.read_addr         usmart.o
    0x0800a7f8   0x0800a7f8   0x000000e8   Code   RO         5749    i.remove_chain      ff.o
    0x0800a8e0   0x0800a8e0   0x00000028   Code   RO         5750    i.st_clust          ff.o
    0x0800a908   0x0800a908   0x00000010   Code   RO         5751    i.st_dword          ff.o
    0x0800a918   0x0800a918   0x0000004a   Code   RO         5752    i.st_qword          ff.o
    0x0800a962   0x0800a962   0x00000008   Code   RO         5753    i.st_word           ff.o
    0x0800a96a   0x0800a96a   0x00000002   PAD
    0x0800a96c   0x0800a96c   0x00000216   Code   RO         6529    i.stdbmp_decode     bmp.o
    0x0800ab82   0x0800ab82   0x0000006c   Code   RO         5754    i.store_xdir        ff.o
    0x0800abee   0x0800abee   0x0000001a   Code   RO         5755    i.sum_sfn           ff.o
    0x0800ac08   0x0800ac08   0x00000088   Code   RO         5756    i.sync_fs           ff.o
    0x0800ac90   0x0800ac90   0x00000052   Code   RO         5757    i.sync_window       ff.o
    0x0800ace2   0x0800ace2   0x00000002   PAD
    0x0800ace4   0x0800ace4   0x00000044   Code   RO         4595    i.uart_init         usart.o
    0x0800ad28   0x0800ad28   0x00000094   Code   RO         5494    i.usmart_cmd_rec    usmart.o
    0x0800adbc   0x0800adbc   0x00000260   Code   RO         5495    i.usmart_exe        usmart.o
    0x0800b01c   0x0800b01c   0x000000a4   Code   RO         5612    i.usmart_get_aparm  usmart_str.o
    0x0800b0c0   0x0800b0c0   0x0000002e   Code   RO         5613    i.usmart_get_cmdname  usmart_str.o
    0x0800b0ee   0x0800b0ee   0x00000002   PAD
    0x0800b0f0   0x0800b0f0   0x0000016e   Code   RO         5614    i.usmart_get_fname  usmart_str.o
    0x0800b25e   0x0800b25e   0x00000002   PAD
    0x0800b260   0x0800b260   0x000000d0   Code   RO         5615    i.usmart_get_fparam  usmart_str.o
    0x0800b330   0x0800b330   0x00000024   Code   RO         5616    i.usmart_get_parmpos  usmart_str.o
    0x0800b354   0x0800b354   0x00000030   Code   RO         5496    i.usmart_get_runtime  usmart.o
    0x0800b384   0x0800b384   0x00000028   Code   RO         5497    i.usmart_init       usmart.o
    0x0800b3ac   0x0800b3ac   0x00000010   Code   RO         5617    i.usmart_pow        usmart_str.o
    0x0800b3bc   0x0800b3bc   0x00000028   Code   RO         5498    i.usmart_reset_runtime  usmart.o
    0x0800b3e4   0x0800b3e4   0x000000a4   Code   RO         5499    i.usmart_scan       usmart.o
    0x0800b488   0x0800b488   0x00000010   Code   RO         5618    i.usmart_search_nextc  usmart_str.o
    0x0800b498   0x0800b498   0x000000d6   Code   RO         5619    i.usmart_str2num    usmart_str.o
    0x0800b56e   0x0800b56e   0x00000018   Code   RO         5620    i.usmart_strcmp     usmart_str.o
    0x0800b586   0x0800b586   0x00000012   Code   RO         5621    i.usmart_strcopy    usmart_str.o
    0x0800b598   0x0800b598   0x00000012   Code   RO         5622    i.usmart_strlen     usmart_str.o
    0x0800b5aa   0x0800b5aa   0x00000002   PAD
    0x0800b5ac   0x0800b5ac   0x00000680   Code   RO         5500    i.usmart_sys_cmd_exe  usmart.o
    0x0800bc2c   0x0800bc2c   0x00000032   Code   RO         5758    i.validate          ff.o
    0x0800bc5e   0x0800bc5e   0x00000004   Code   RO         5501    i.write_addr        usmart.o
    0x0800bc62   0x0800bc62   0x00000034   Code   RO         5759    i.xdir_sum          ff.o
    0x0800bc96   0x0800bc96   0x0000003c   Code   RO         5760    i.xname_sum         ff.o
    0x0800bcd2   0x0800bcd2   0x00000002   PAD
    0x0800bcd4   0x0800bcd4   0x00000040   Data   RO          475    .constdata          system_stm32l4xx.o
    0x0800bd14   0x0800bd14   0x00000008   Data   RO          476    .constdata          system_stm32l4xx.o
    0x0800bd1c   0x0800bd1c   0x0000e574   Data   RO         4760    .constdata          lcd.o
    0x0801a290   0x0801a290   0x00000018   Data   RO         5173    .constdata          malloc.o
    0x0801a2a8   0x0801a2a8   0x0000004a   Data   RO         5761    .constdata          ff.o
    0x0801a2f2   0x0801a2f2   0x00000002   PAD
    0x0801a2f4   0x0801a2f4   0x00000070   Data   RO         6171    .constdata          exfuns.o
    0x0801a364   0x0801a364   0x000003c0   Data   RO         6405    .constdata          mycc936.o
    0x0801a724   0x0801a724   0x000004c0   Data   RO         6657    .constdata          tjpgd.o
    0x0801abe4   0x0801abe4   0x00000028   Data   RO         6779    .constdata          gif.o
    0x0801ac0c   0x0801ac0c   0x00000028   Data   RO         5503    .conststring        usmart.o
    0x0801ac34   0x0801ac34   0x00000289   Data   RO         5580    .conststring        usmart_config.o
    0x0801aebd   0x0801aebd   0x00000003   PAD
    0x0801aec0   0x0801aec0   0x00000048   Data   RO         6172    .conststring        exfuns.o
    0x0801af08   0x0801af08   0x00000020   Data   RO         7292    Region$$Table       anon$$obj.o


    Execution Region RW_IRAM1 (Exec base: 0x20000000, Load base: 0x0801af28, Size: 0x00013398, Max: 0x00018000, ABSOLUTE, COMPRESSED[0x00000108])

    Exec Addr    Load Addr    Size         Type   Attr      Idx    E Section Name        Object

    0x20000000   COMPRESSED   0x00000004   Data   RW          477    .data               system_stm32l4xx.o
    0x20000004   COMPRESSED   0x00000004   Data   RW          659    .data               stm32l4xx_hal.o
    0x20000008   COMPRESSED   0x00000004   Data   RW         4556    .data               delay.o
    0x2000000c   COMPRESSED   0x00000002   Data   RW         4597    .data               usart.o
    0x2000000e   COMPRESSED   0x00000002   PAD
    0x20000010   COMPRESSED   0x00000004   Data   RW         4598    .data               usart.o
    0x20000014   COMPRESSED   0x00000001   Data   RW         4705    .data               key.o
    0x20000015   COMPRESSED   0x00000001   PAD
    0x20000016   COMPRESSED   0x00000004   Data   RW         4761    .data               lcd.o
    0x2000001a   COMPRESSED   0x00000002   Data   RW         5024    .data               w25qxx.o
    0x2000001c   COMPRESSED   0x0000001c   Data   RW         5174    .data               malloc.o
    0x20000038   COMPRESSED   0x00000001   Data   RW         5306    .data               sd_card.o
    0x20000039   COMPRESSED   0x00000003   PAD
    0x2000003c   COMPRESSED   0x0000001c   Data   RW         5504    .data               usmart.o
    0x20000058   COMPRESSED   0x000000c8   Data   RW         5581    .data               usmart_config.o
    0x20000120   COMPRESSED   0x000000f4   Data   RW         5582    .data               usmart_config.o
    0x20000214   COMPRESSED   0x0000000c   Data   RW         5762    .data               ff.o
    0x20000220   COMPRESSED   0x00000014   Data   RW         6173    .data               exfuns.o
    0x20000234   COMPRESSED   0x00000004   Data   RW         6174    .data               exfuns.o
    0x20000238   COMPRESSED   0x00000004   Data   RW         6175    .data               exfuns.o
    0x2000023c   COMPRESSED   0x0000000c   Data   RW         6658    .data               tjpgd.o
    0x20000248   COMPRESSED   0x00000001   Data   RW         6780    .data               gif.o
    0x20000249   COMPRESSED   0x00000003   PAD
    0x2000024c   COMPRESSED   0x0000004c   Data   RW         6890    .data               Library.lib(library.o)
    0x20000298        -       0x00000140   Zero   RW         4596    .bss                usart.o
    0x200003d8        -       0x00000480   Zero   RW         4759    .bss                lcd.o
    0x20000858        -       0x00000064   Zero   RW         4915    .bss                spi3.o
    0x200008bc        -       0x00000044   Zero   RW         4961    .bss                qspi.o
    0x20000900        -       0x00001000   Zero   RW         5023    .bss                w25qxx.o
    0x20001900        -       0x00010000   Zero   RW         5171    .bss                malloc.o
    0x20011900        -       0x00001000   Zero   RW         5172    .bss                malloc.o
    0x20012900        -       0x00000064   Zero   RW         5245    .bss                spi1.o
    0x20012964        -       0x00000024   Zero   RW         5418    .bss                rtc.o
    0x20012988        -       0x00000040   Zero   RW         5502    .bss                usmart.o
    0x200129c8        -       0x00000120   Zero   RW         6169    .bss                exfuns.o
    0x20012ae8        -       0x00000048   Zero   RW         6170    .bss                exfuns.o
    0x20012b30        -       0x00000029   Zero   RW         6438    .bss                fontupd.o
    0x20012b59   COMPRESSED   0x00000003   PAD
    0x20012b5c        -       0x0000003c   Zero   RW         6572    .bss                piclib.o
    0x20012b98        -       0x00000800   Zero   RW          617    STACK               startup_stm32l475xx.o



  Load Region LR$$.ARM.__AT_0x10000000 (Base: 0x10000000, Size: 0x00000000, Max: 0x00007800, ABSOLUTE)

    Execution Region ER$$.ARM.__AT_0x10000000 (Exec base: 0x10000000, Load base: 0x10000000, Size: 0x00007800, Max: 0x00007800, ABSOLUTE, UNINIT)

    Exec Addr    Load Addr    Size         Type   Attr      Idx    E Section Name        Object

    0x10000000        -       0x00007800   Zero   RW         5169    .ARM.__AT_0x10000000  malloc.o



  Load Region LR$$.ARM.__AT_0x10007800 (Base: 0x10007800, Size: 0x00000000, Max: 0x00000780, ABSOLUTE)

    Execution Region ER$$.ARM.__AT_0x10007800 (Exec base: 0x10007800, Load base: 0x10007800, Size: 0x00000780, Max: 0x00000780, ABSOLUTE, UNINIT)

    Exec Addr    Load Addr    Size         Type   Attr      Idx    E Section Name        Object

    0x10007800        -       0x00000780   Zero   RW         5170    .ARM.__AT_0x10007800  malloc.o


==============================================================================

Image component sizes


      Code (inc. data)   RO Data    RW Data    ZI Data      Debug   Object Name

       534         10          0          0          0       2644   bmp.o
        98          8          0          4          0       1875   delay.o
       298          0          0          0          0       5339   diskio.o
       250         12        184         28        360       3060   exfuns.o
      1638        832          0          0          0      13058   fattester.o
     13578        164         74         12          0      68416   ff.o
        64          6          0          0         41       2023   fontupd.o
      2770         26         40          1          0      15257   gif.o
       330         26          0          1          0       1698   key.o
      1770         86      58740          4       1152      13356   lcd.o
        72         10          0          0          0        831   led.o
      1366        286          0          0          0     870826   main.o
       396         48         24         28     102272       6336   malloc.o
       154         14        960          0          0       1899   mycc936.o
       482         38          0          0         60       6486   piclib.o
       272         34          0          0         68       3517   qspi.o
       340         62          0          0         36       5223   rtc.o
      1176         32          0          1          0      11026   sd_card.o
       192         24          0          0        100       2633   spi1.o
       256         34          0          0        100       2378   spi3.o
        36          8        392          0       2048        804   startup_stm32l475xx.o
       108         18          0          4          0       3937   stm32l4xx_hal.o
       218         14          0          0          0      30809   stm32l4xx_hal_cortex.o
       136          0          0          0          0       1699   stm32l4xx_hal_dma.o
       494         36          0          0          0       3760   stm32l4xx_hal_gpio.o
        16          4          0          0          0        527   stm32l4xx_hal_pwr.o
       120         20          0          0          0       1338   stm32l4xx_hal_pwr_ex.o
      1294         10          0          0          0       7729   stm32l4xx_hal_qspi.o
      1764         86          0          0          0       6976   stm32l4xx_hal_rcc.o
      1506         44          0          0          0       4168   stm32l4xx_hal_rcc_ex.o
      1044         34          0          0          0       8082   stm32l4xx_hal_rtc.o
        80          6          0          0          0       3441   stm32l4xx_hal_rtc_ex.o
      1542          0          0          0          0       7464   stm32l4xx_hal_spi.o
       296         36          0          0          0       4070   stm32l4xx_hal_tim.o
      1814         72          0          0          0       9865   stm32l4xx_hal_uart.o
         2          0          0          0          0        996   stm32l4xx_hal_uart_ex.o
        20          0          0          0          0       3826   stm32l4xx_it.o
       112          6          0          0          0        921   sys.o
        68         12         72          4          0       1093   system_stm32l4xx.o
       590         16          0          0          0       3627   text.o
      3642         86       1216         12          0      22752   tjpgd.o
       304         30          0          6        320       4277   usart.o
      2856       1354         40         28         64       7747   usmart.o
         0          0        649        444          0       3808   usmart_config.o
      1126         20          0          0          0       9343   usmart_str.o
       570         10          0          2       4096       7443   w25qxx.o

    ----------------------------------------------------------------------
     45882       3674      62428        588     110720    1198383   Object Totals
         0          0         32          0          0          0   (incl. Generated)
        88          0          5          9          3          0   (incl. Padding)

    ----------------------------------------------------------------------

      Code (inc. data)   RO Data    RW Data    ZI Data      Debug   Library Member Name

       494         44          0         76          0       2865   library.o
        86          0          0          0          0          0   __dczerorl2.o
         0          0          0          0          0          0   entry.o
         0          0          0          0          0          0   entry10a.o
         0          0          0          0          0          0   entry11a.o
         8          4          0          0          0          0   entry2.o
         4          0          0          0          0          0   entry5.o
         0          0          0          0          0          0   entry7b.o
         0          0          0          0          0          0   entry8b.o
         8          4          0          0          0          0   entry9a.o
        30          0          0          0          0          0   handlers.o
        36          8          0          0          0         68   init.o
        30          0          0          0          0         68   llshl.o
        32          0          0          0          0         68   llushr.o
      1160         54          0          0          0        352   printf8.o
        24          0          0          0          0         68   strcat.o
        28          0          0          0          0         76   strcmp.o
        18          0          0          0          0         68   strcpy.o
       104          0          0          0          0         92   uldiv.o

    ----------------------------------------------------------------------
      2066        114          0         76          0       3725   Library Totals
         4          0          0          0          0          0   (incl. Padding)

    ----------------------------------------------------------------------

      Code (inc. data)   RO Data    RW Data    ZI Data      Debug   Library Name

       494         44          0         76          0       2865   Library.lib
      1568         70          0          0          0        860   mc_w.l

    ----------------------------------------------------------------------
      2066        114          0         76          0       3725   Library Totals

    ----------------------------------------------------------------------

==============================================================================


      Code (inc. data)   RO Data    RW Data    ZI Data      Debug   

     47948       3788      62428        664     110720    1169424   Grand Totals
     47948       3788      62428        264     110720    1169424   ELF Image Totals (compressed)
     47948       3788      62428        264          0          0   ROM Totals

==============================================================================

    Total RO  Size (Code + RO Data)               110376 ( 107.79kB)
    Total RW  Size (RW Data + ZI Data)            111384 ( 108.77kB)
    Total ROM Size (Code + RO Data + RW Data)     110640 ( 108.05kB)

==============================================================================

