<html>
<body>
<pre>
<h1>礦ision Build Log</h1>
<h2>Tool Versions:</h2>
IDE-Version: μVision V5.25.2.0
Copyright (C) 2018 ARM Ltd and ARM Germany GmbH. All rights reserved.
License Information: Jason Peng, SMSC, LIC=JL28G-VQ5F3-2Z5W4-FTR5L-JVCYE-DW1H3
 
Tool Versions:
Toolchain:       MDK-ARM Plus  Version: 5.25.2.0
Toolchain Path:  D:\rt-thread\software-downloading\Keil\Install\Core\ARM\ARMCC\Bin
C Compiler:      Armcc.exe V5.06 update 6 (build 750)
Assembler:       Armasm.exe V5.06 update 6 (build 750)
Linker/Locator:  ArmLink.exe V5.06 update 6 (build 750)
Library Manager: ArmAr.exe V5.06 update 6 (build 750)
Hex Converter:   FromElf.exe V5.06 update 6 (build 750)
CPU DLL:         SARMCM3.DLL V5.25.2.0
Dialog DLL:      DCM.DLL V1.17.1.0
Target DLL:      STLink\ST-LINKIII-KEIL_SWO.dll V3.0.1.0
Dialog DLL:      TCM.DLL V1.35.1.0
 
<h2>Project:</h2>
D:\rt-thread\时钟项目\USER\ATK_PICTURE.uvprojx
Project File Date:  04/29/2022

<h2>Output:</h2>
*** Using Compiler 'V5.06 update 6 (build 750)', folder: 'D:\rt-thread\software-downloading\Keil\Install\Core\ARM\ARMCC\Bin'
Rebuild target 'ATK_PICTURE'
assembling startup_stm32l475xx.s...
compiling stm32l4xx_it.c...
compiling system_stm32l4xx.c...
compiling stm32l4xx_hal.c...
compiling stm32l4xx_hal_cortex.c...
compiling stm32l4xx_hal_gpio.c...
compiling main.c...
compiling stm32l4xx_hal_pwr.c...
compiling stm32l4xx_hal_pwr_ex.c...
compiling stm32l4xx_hal_rcc.c...
compiling stm32l4xx_hal_uart_ex.c...
compiling stm32l4xx_hal_usart_ex.c...
compiling stm32l4xx_hal_rcc_ex.c...
compiling stm32l4xx_hal_usart.c...
compiling stm32l4xx_hal_uart.c...
compiling stm32l4xx_hal_dma.c...
compiling stm32l4xx_hal_dma_ex.c...
compiling stm32l4xx_hal_spi_ex.c...
compiling stm32l4xx_hal_tim_ex.c...
compiling stm32l4xx_hal_qspi.c...
compiling stm32l4xx_hal_spi.c...
compiling stm32l4xx_hal_flash.c...
compiling stm32l4xx_hal_tim.c...
compiling stm32l4xx_hal_flash_ex.c...
compiling stm32l4xx_hal_rtc.c...
compiling stm32l4xx_hal_rtc_ex.c...
compiling sys.c...
compiling delay.c...
compiling led.c...
compiling beep.c...
compiling usart.c...
compiling key.c...
compiling spi3.c...
compiling qspi.c...
compiling w25qxx.c...
compiling lcd.c...
..\HARDWARE\LCD\lcd.c(381): warning:  #177-D: variable "i"  was declared but never referenced
      u32 i = 0;
..\HARDWARE\LCD\lcd.c: 1 warning, 0 errors
compiling stmflash.c...
compiling malloc.c...
compiling spi1.c...
compiling sd_card.c...
compiling rtc.c...
compiling usmart_config.c...
compiling usmart.c...
compiling usmart_str.c...
compiling ff.c...
compiling diskio.c...
compiling exfuns.c...
compiling mycc936.c...
compiling fattester.c...
compiling fontupd.c...
compiling text.c...
compiling piclib.c...
compiling bmp.c...
..\PICTURE\bmp.c(457): warning:  #223-D: function "LCD_ReadPoint" declared implicitly
  				if(pixcnt<hbmp.bmiHeader.biWidth)databuf[pixcnt]=LCD_ReadPoint(tx,ty);//读取坐标点的值 
..\PICTURE\bmp.c: 1 warning, 0 errors
compiling tjpgd.c...
compiling gif.c...
linking...
Program Size: Code=47948 RO-data=62428 RW-data=664 ZI-data=110720  
FromELF: creating hex file...
"..\OBJ\ATK_PICTURE.axf" - 0 Error(s), 2 Warning(s).

<h2>Software Packages used:</h2>

Package Vendor: Keil
                http://www.keil.com/pack/Keil.STM32L4xx_DFP.2.6.1.pack
                Keil.STM32L4xx_DFP.2.6.1
                STMicroelectronics STM32L4 Series Device Support, Drivers and Examples

<h2>Collection of Component include folders:</h2>
  .\RTE\_ATK_PICTURE
  D:\rt-thread\software-downloading\Keil\Install\Core\ARM\PACK\Keil\STM32L4xx_DFP\2.6.1\Drivers\CMSIS\Device\ST\STM32L4xx\Include

<h2>Collection of Component Files used:</h2>
Build Time Elapsed:  00:00:06
</pre>
</body>
</html>
